Archive member included to satisfy reference by file (symbol)

c:/st/stm32cubeide_1.8.0/stm32cubeide/plugins/com.st.stm32cube.ide.mcu.externaltools.gnu-tools-for-stm32.9-2020-q2-update.win32_2.0.0.202105311346/tools/bin/../lib/gcc/arm-none-eabi/9.3.1/../../../../arm-none-eabi/lib/thumb/v7-m/nofp\libc_nano.a(lib_a-errno.o)
                              ./Core/Src/syscalls.o (__errno)
c:/st/stm32cubeide_1.8.0/stm32cubeide/plugins/com.st.stm32cube.ide.mcu.externaltools.gnu-tools-for-stm32.9-2020-q2-update.win32_2.0.0.202105311346/tools/bin/../lib/gcc/arm-none-eabi/9.3.1/../../../../arm-none-eabi/lib/thumb/v7-m/nofp\libc_nano.a(lib_a-exit.o)
                              c:/st/stm32cubeide_1.8.0/stm32cubeide/plugins/com.st.stm32cube.ide.mcu.externaltools.gnu-tools-for-stm32.9-2020-q2-update.win32_2.0.0.202105311346/tools/bin/../lib/gcc/arm-none-eabi/9.3.1/../../../../arm-none-eabi/lib/thumb/v7-m/nofp/crt0.o (exit)
c:/st/stm32cubeide_1.8.0/stm32cubeide/plugins/com.st.stm32cube.ide.mcu.externaltools.gnu-tools-for-stm32.9-2020-q2-update.win32_2.0.0.202105311346/tools/bin/../lib/gcc/arm-none-eabi/9.3.1/../../../../arm-none-eabi/lib/thumb/v7-m/nofp\libc_nano.a(lib_a-findfp.o)
                              ./Middlewares/Third_Party/FreeRTOS/Source/tasks.o (__sf_fake_stderr)
c:/st/stm32cubeide_1.8.0/stm32cubeide/plugins/com.st.stm32cube.ide.mcu.externaltools.gnu-tools-for-stm32.9-2020-q2-update.win32_2.0.0.202105311346/tools/bin/../lib/gcc/arm-none-eabi/9.3.1/../../../../arm-none-eabi/lib/thumb/v7-m/nofp\libc_nano.a(lib_a-fwalk.o)
                              c:/st/stm32cubeide_1.8.0/stm32cubeide/plugins/com.st.stm32cube.ide.mcu.externaltools.gnu-tools-for-stm32.9-2020-q2-update.win32_2.0.0.202105311346/tools/bin/../lib/gcc/arm-none-eabi/9.3.1/../../../../arm-none-eabi/lib/thumb/v7-m/nofp\libc_nano.a(lib_a-findfp.o) (_fwalk)
c:/st/stm32cubeide_1.8.0/stm32cubeide/plugins/com.st.stm32cube.ide.mcu.externaltools.gnu-tools-for-stm32.9-2020-q2-update.win32_2.0.0.202105311346/tools/bin/../lib/gcc/arm-none-eabi/9.3.1/../../../../arm-none-eabi/lib/thumb/v7-m/nofp\libc_nano.a(lib_a-impure.o)
                              c:/st/stm32cubeide_1.8.0/stm32cubeide/plugins/com.st.stm32cube.ide.mcu.externaltools.gnu-tools-for-stm32.9-2020-q2-update.win32_2.0.0.202105311346/tools/bin/../lib/gcc/arm-none-eabi/9.3.1/../../../../arm-none-eabi/lib/thumb/v7-m/nofp\libc_nano.a(lib_a-exit.o) (_global_impure_ptr)
c:/st/stm32cubeide_1.8.0/stm32cubeide/plugins/com.st.stm32cube.ide.mcu.externaltools.gnu-tools-for-stm32.9-2020-q2-update.win32_2.0.0.202105311346/tools/bin/../lib/gcc/arm-none-eabi/9.3.1/../../../../arm-none-eabi/lib/thumb/v7-m/nofp\libc_nano.a(lib_a-init.o)
                              c:/st/stm32cubeide_1.8.0/stm32cubeide/plugins/com.st.stm32cube.ide.mcu.externaltools.gnu-tools-for-stm32.9-2020-q2-update.win32_2.0.0.202105311346/tools/bin/../lib/gcc/arm-none-eabi/9.3.1/../../../../arm-none-eabi/lib/thumb/v7-m/nofp/crt0.o (__libc_init_array)
c:/st/stm32cubeide_1.8.0/stm32cubeide/plugins/com.st.stm32cube.ide.mcu.externaltools.gnu-tools-for-stm32.9-2020-q2-update.win32_2.0.0.202105311346/tools/bin/../lib/gcc/arm-none-eabi/9.3.1/../../../../arm-none-eabi/lib/thumb/v7-m/nofp\libc_nano.a(lib_a-lock.o)
                              c:/st/stm32cubeide_1.8.0/stm32cubeide/plugins/com.st.stm32cube.ide.mcu.externaltools.gnu-tools-for-stm32.9-2020-q2-update.win32_2.0.0.202105311346/tools/bin/../lib/gcc/arm-none-eabi/9.3.1/../../../../arm-none-eabi/lib/thumb/v7-m/nofp\libc_nano.a(lib_a-findfp.o) (__retarget_lock_init_recursive)
c:/st/stm32cubeide_1.8.0/stm32cubeide/plugins/com.st.stm32cube.ide.mcu.externaltools.gnu-tools-for-stm32.9-2020-q2-update.win32_2.0.0.202105311346/tools/bin/../lib/gcc/arm-none-eabi/9.3.1/../../../../arm-none-eabi/lib/thumb/v7-m/nofp\libc_nano.a(lib_a-memcpy-stub.o)
                              ./Middlewares/Third_Party/FreeRTOS/Source/CMSIS_RTOS_V2/cmsis_os2.o (memcpy)
c:/st/stm32cubeide_1.8.0/stm32cubeide/plugins/com.st.stm32cube.ide.mcu.externaltools.gnu-tools-for-stm32.9-2020-q2-update.win32_2.0.0.202105311346/tools/bin/../lib/gcc/arm-none-eabi/9.3.1/../../../../arm-none-eabi/lib/thumb/v7-m/nofp\libc_nano.a(lib_a-memset.o)
                              c:/st/stm32cubeide_1.8.0/stm32cubeide/plugins/com.st.stm32cube.ide.mcu.externaltools.gnu-tools-for-stm32.9-2020-q2-update.win32_2.0.0.202105311346/tools/bin/../lib/gcc/arm-none-eabi/9.3.1/../../../../arm-none-eabi/lib/thumb/v7-m/nofp/crt0.o (memset)
c:/st/stm32cubeide_1.8.0/stm32cubeide/plugins/com.st.stm32cube.ide.mcu.externaltools.gnu-tools-for-stm32.9-2020-q2-update.win32_2.0.0.202105311346/tools/bin/../lib/gcc/arm-none-eabi/9.3.1/../../../../arm-none-eabi/lib/thumb/v7-m/nofp\libc_nano.a(lib_a-nano-mallocr.o)
[...]
Memory Configuration

Name             Origin             Length             Attributes
RAM              0x0000000020000000 0x0000000000005000 xrw
FLASH            0x0000000008000000 0x0000000000020000 xr
*default*        0x0000000000000000 0xffffffffffffffff

Linker script and memory map

LOAD c:/st/stm32cubeide_1.8.0/stm32cubeide/plugins/com.st.stm32cube.ide.mcu.externaltools.gnu-tools-for-stm32.9-2020-q2-update.win32_2.0.0.202105311346/tools/bin/../lib/gcc/arm-none-eabi/9.3.1/thumb/v7-m/nofp/crti.o
LOAD c:/st/stm32cubeide_1.8.0/stm32cubeide/plugins/com.st.stm32cube.ide.mcu.externaltools.gnu-tools-for-stm32.9-2020-q2-update.win32_2.0.0.202105311346/tools/bin/../lib/gcc/arm-none-eabi/9.3.1/thumb/v7-m/nofp/crtbegin.o
LOAD c:/st/stm32cubeide_1.8.0/stm32cubeide/plugins/com.st.stm32cube.ide.mcu.externaltools.gnu-tools-for-stm32.9-2020-q2-update.win32_2.0.0.202105311346/tools/bin/../lib/gcc/arm-none-eabi/9.3.1/../../../../arm-none-eabi/lib/thumb/v7-m/nofp/crt0.o
LOAD ./Core/Src/Modbus.o
LOAD ./Core/Src/UARTCallback.o
LOAD ./Core/Src/freertos.o
LOAD ./Core/Src/main.o
LOAD ./Core/Src/stm32f1xx_hal_msp.o
LOAD ./Core/Src/stm32f1xx_hal_timebase_tim.o
LOAD ./Core/Src/stm32f1xx_it.o
LOAD ./Core/Src/syscalls.o
LOAD ./Core/Src/sysmem.o
LOAD ./Core/Src/system_stm32f1xx.o
LOAD ./Core/Startup/startup_stm32f103cbtx.o
LOAD ./Drivers/STM32F1xx_HAL_Driver/Src/stm32f1xx_hal.o
LOAD ./Drivers/STM32F1xx_HAL_Driver/Src/stm32f1xx_hal_cortex.o
LOAD ./Drivers/STM32F1xx_HAL_Driver/Src/stm32f1xx_hal_dma.o
LOAD ./Drivers/STM32F1xx_HAL_Driver/Src/stm32f1xx_hal_exti.o
LOAD ./Drivers/STM32F1xx_HAL_Driver/Src/stm32f1xx_hal_flash.o
LOAD ./Drivers/STM32F1xx_HAL_Driver/Src/stm32f1xx_hal_flash_ex.o
LOAD ./Drivers/STM32F1xx_HAL_Driver/Src/stm32f1xx_hal_gpio.o
LOAD ./Drivers/STM32F1xx_HAL_Driver/Src/stm32f1xx_hal_gpio_ex.o
LOAD ./Drivers/STM32F1xx_HAL_Driver/Src/stm32f1xx_hal_i2c.o
LOAD ./Drivers/STM32F1xx_HAL_Driver/Src/stm32f1xx_hal_iwdg.o
LOAD ./Drivers/STM32F1xx_HAL_Driver/Src/stm32f1xx_hal_pwr.o
LOAD ./Drivers/STM32F1xx_HAL_Driver/Src/stm32f1xx_hal_rcc.o
LOAD ./Drivers/STM32F1xx_HAL_Driver/Src/stm32f1xx_hal_rcc_ex.o
LOAD ./Drivers/STM32F1xx_HAL_Driver/Src/stm32f1xx_hal_tim.o
LOAD ./Drivers/STM32F1xx_HAL_Driver/Src/stm32f1xx_hal_tim_ex.o
LOAD ./Drivers/STM32F1xx_HAL_Driver/Src/stm32f1xx_hal_uart.o
LOAD ./Middlewares/Third_Party/FreeRTOS/Source/CMSIS_RTOS_V2/cmsis_os2.o
LOAD ./Middlewares/Third_Party/FreeRTOS/Source/croutine.o
LOAD ./Middlewares/Third_Party/FreeRTOS/Source/event_groups.o
LOAD ./Middlewares/Third_Party/FreeRTOS/Source/list.o
LOAD ./Middlewares/Third_Party/FreeRTOS/Source/queue.o
LOAD ./Middlewares/Third_Party/FreeRTOS/Source/stream_buffer.o
LOAD ./Middlewares/Third_Party/FreeRTOS/Source/tasks.o
LOAD ./Middlewares/Third_Party/FreeRTOS/Source/timers.o
LOAD ./Middlewares/Third_Party/FreeRTOS/Source/portable/GCC/ARM_CM3/port.o
LOAD ./Middlewares/Third_Party/FreeRTOS/Source/portable/MemMang/heap_4.o
START GROUP
LOAD c:/st/stm32cubeide_1.8.0/stm32cubeide/plugins/com.st.stm32cube.ide.mcu.externaltools.gnu-tools-for-stm32.9-2020-q2-update.win32_2.0.0.202105311346/tools/bin/../lib/gcc/arm-none-eabi/9.3.1/../../../../arm-none-eabi/lib/thumb/v7-m/nofp\libc_nano.a
LOAD c:/st/stm32cubeide_1.8.0/stm32cubeide/plugins/com.st.stm32cube.ide.mcu.externaltools.gnu-tools-for-stm32.9-2020-q2-update.win32_2.0.0.202105311346/tools/bin/../lib/gcc/arm-none-eabi/9.3.1/../../../../arm-none-eabi/lib/thumb/v7-m/nofp\libm.a
END GROUP
START GROUP
LOAD c:/st/stm32cubeide_1.8.0/stm32cubeide/plugins/com.st.stm32cube.ide.mcu.externaltools.gnu-tools-for-stm32.9-2020-q2-update.win32_2.0.0.202105311346/tools/bin/../lib/gcc/arm-none-eabi/9.3.1/thumb/v7-m/nofp\libgcc.a
LOAD c:/st/stm32cubeide_1.8.0/stm32cubeide/plugins/com.st.stm32cube.ide.mcu.externaltools.gnu-tools-for-stm32.9-2020-q2-update.win32_2.0.0.202105311346/tools/bin/../lib/gcc/arm-none-eabi/9.3.1/../../../../arm-none-eabi/lib/thumb/v7-m/nofp\libc_nano.a
END GROUP
START GROUP
LOAD c:/st/stm32cubeide_1.8.0/stm32cubeide/plugins/com.st.stm32cube.ide.mcu.externaltools.gnu-tools-for-stm32.9-2020-q2-update.win32_2.0.0.202105311346/tools/bin/../lib/gcc/arm-none-eabi/9.3.1/thumb/v7-m/nofp\libgcc.a
LOAD c:/st/stm32cubeide_1.8.0/stm32cubeide/plugins/com.st.stm32cube.ide.mcu.externaltools.gnu-tools-for-stm32.9-2020-q2-update.win32_2.0.0.202105311346/tools/bin/../lib/gcc/arm-none-eabi/9.3.1/../../../../arm-none-eabi/lib/thumb/v7-m/nofp\libc_nano.a
LOAD c:/st/stm32cubeide_1.8.0/stm32cubeide/plugins/com.st.stm32cube.ide.mcu.externaltools.gnu-tools-for-stm32.9-2020-q2-update.win32_2.0.0.202105311346/tools/bin/../lib/gcc/arm-none-eabi/9.3.1/../../../../arm-none-eabi/lib/thumb/v7-m/nofp\libnosys.a
END GROUP
START GROUP
LOAD c:/st/stm32cubeide_1.8.0/stm32cubeide/plugins/com.st.stm32cube.ide.mcu.externaltools.gnu-tools-for-stm32.9-2020-q2-update.win32_2.0.0.202105311346/tools/bin/../lib/gcc/arm-none-eabi/9.3.1/thumb/v7-m/nofp\libgcc.a
LOAD c:/st/stm32cubeide_1.8.0/stm32cubeide/plugins/com.st.stm32cube.ide.mcu.externaltools.gnu-tools-for-stm32.9-2020-q2-update.win32_2.0.0.202105311346/tools/bin/../lib/gcc/arm-none-eabi/9.3.1/../../../../arm-none-eabi/lib/thumb/v7-m/nofp\libc_nano.a
LOAD c:/st/stm32cubeide_1.8.0/stm32cubeide/plugins/com.st.stm32cube.ide.mcu.externaltools.gnu-tools-for-stm32.9-2020-q2-update.win32_2.0.0.202105311346/tools/bin/../lib/gcc/arm-none-eabi/9.3.1/../../../../arm-none-eabi/lib/thumb/v7-m/nofp\libnosys.a
END GROUP
LOAD c:/st/stm32cubeide_1.8.0/stm32cubeide/plugins/com.st.stm32cube.ide.mcu.externaltools.gnu-tools-for-stm32.9-2020-q2-update.win32_2.0.0.202105311346/tools/bin/../lib/gcc/arm-none-eabi/9.3.1/thumb/v7-m/nofp/crtend.o
LOAD c:/st/stm32cubeide_1.8.0/stm32cubeide/plugins/com.st.stm32cube.ide.mcu.externaltools.gnu-tools-for-stm32.9-2020-q2-update.win32_2.0.0.202105311346/tools/bin/../lib/gcc/arm-none-eabi/9.3.1/thumb/v7-m/nofp/crtn.o
                0x0000000020005000                _estack = (ORIGIN (RAM) + LENGTH (RAM))
                0x0000000000000200                _Min_Heap_Size = 0x200
                0x0000000000000400                _Min_Stack_Size = 0x400

.isr_vector     0x0000000008000000      0x10c
                0x0000000008000000                . = ALIGN (0x4)
 *(.isr_vector)
 .isr_vector    0x0000000008000000      0x10c ./Core/Startup/startup_stm32f103cbtx.o
                0x0000000008000000                g_pfnVectors
                0x000000000800010c                . = ALIGN (0x4)

.text           0x0000000008000110     0xf588
                0x0000000008000110                . = ALIGN (0x4)
 *(.text)
 .text          0x0000000008000110       0x40 c:/st/stm32cubeide_1.8.0/stm32cubeide/plugins/com.st.stm32cube.ide.mcu.externaltools.gnu-tools-for-stm32.9-2020-q2-update.win32_2.0.0.202105311346/tools/bin/../lib/gcc/arm-none-eabi/9.3.1/thumb/v7-m/nofp/crtbegin.o
 .text          0x0000000008000150       0x10 c:/st/stm32cubeide_1.8.0/stm32cubeide/plugins/com.st.stm32cube.ide.mcu.externaltools.gnu-tools-for-stm32.9-2020-q2-update.win32_2.0.0.202105311346/tools/bin/../lib/gcc/arm-none-eabi/9.3.1/../../../../arm-none-eabi/lib/thumb/v7-m/nofp\libc_nano.a(lib_a-strlen.o)
                0x0000000008000150                strlen
 .text          0x0000000008000160      0x378 c:/st/stm32cubeide_1.8.0/stm32cubeide/plugins/com.st.stm32cube.ide.mcu.externaltools.gnu-tools-for-stm32.9-2020-q2-update.win32_2.0.0.202105311346/tools/bin/../lib/gcc/arm-none-eabi/9.3.1/thumb/v7-m/nofp\libgcc.a(_arm_addsubdf3.o)
                0x0000000008000160                __aeabi_drsub
                0x0000000008000168                __aeabi_dsub
                0x0000000008000168                __subdf3
                0x000000000800016c                __aeabi_dadd
                0x000000000800016c                __adddf3
                0x00000000080003e4                __floatunsidf
                0x00000000080003e4                __aeabi_ui2d
                0x0000000008000404                __floatsidf
                0x0000000008000404                __aeabi_i2d
                0x0000000008000428                __aeabi_f2d
                0x0000000008000428                __extendsfdf2
                0x000000000800046c                __floatundidf
                0x000000000800046c                __aeabi_ul2d
                0x000000000800047c                __floatdidf
                0x000000000800047c                __aeabi_l2d
 .text          0x00000000080004d8      0x424 c:/st/stm32cubeide_1.8.0/stm32cubeide/plugins/com.st.stm32cube.ide.mcu.externaltools.gnu-tools-for-stm32.9-2020-q2-update.win32_2.0.0.202105311346/tools/bin/../lib/gcc/arm-none-eabi/9.3.1/thumb/v7-m/nofp\libgcc.a(_arm_muldivdf3.o)
                0x00000000080004d8                __aeabi_dmul
                0x00000000080004d8                __muldf3
                0x000000000800072c                __divdf3
                0x000000000800072c                __aeabi_ddiv
 .text          0x00000000080008fc      0x110 c:/st/stm32cubeide_1.8.0/stm32cubeide/plugins/com.st.stm32cube.ide.mcu.externaltools.gnu-tools-for-stm32.9-2020-q2-update.win32_2.0.0.202105311346/tools/bin/../lib/gcc/arm-none-eabi/9.3.1/thumb/v7-m/nofp\libgcc.a(_arm_cmpdf2.o)
                0x00000000080008fc                __gtdf2
                0x00000000080008fc                __gedf2
                0x0000000008000904                __ltdf2
                0x0000000008000904                __ledf2
                0x000000000800090c                __nedf2
                0x000000000800090c                __eqdf2
                0x000000000800090c                __cmpdf2
                0x0000000008000988                __aeabi_cdrcmple
                0x0000000008000998                __aeabi_cdcmpeq
                0x0000000008000998                __aeabi_cdcmple
                0x00000000080009a8                __aeabi_dcmpeq
                0x00000000080009bc                __aeabi_dcmplt
                0x00000000080009d0                __aeabi_dcmple
                0x00000000080009e4                __aeabi_dcmpge
                0x00000000080009f8                __aeabi_dcmpgt
 .text          0x0000000008000a0c       0x2c c:/st/stm32cubeide_1.8.0/stm32cubeide/plugins/com.st.stm32cube.ide.mcu.externaltools.gnu-tools-for-stm32.9-2020-q2-update.win32_2.0.0.202105311346/tools/bin/../lib/gcc/arm-none-eabi/9.3.1/thumb/v7-m/nofp\libgcc.a(_arm_unorddf2.o)
                0x0000000008000a0c                __unorddf2
                0x0000000008000a0c                __aeabi_dcmpun
 .text          0x0000000008000a38       0x50 c:/st/stm32cubeide_1.8.0/stm32cubeide/plugins/com.st.stm32cube.ide.mcu.externaltools.gnu-tools-for-stm32.9-2020-q2-update.win32_2.0.0.202105311346/tools/bin/../lib/gcc/arm-none-eabi/9.3.1/thumb/v7-m/nofp\libgcc.a(_arm_fixdfsi.o)
                0x0000000008000a38                __aeabi_d2iz
                0x0000000008000a38                __fixdfsi
 .text          0x0000000008000a88       0x40 c:/st/stm32cubeide_1.8.0/stm32cubeide/plugins/com.st.stm32cube.ide.mcu.externaltools.gnu-tools-for-stm32.9-2020-q2-update.win32_2.0.0.202105311346/tools/bin/../lib/gcc/arm-none-eabi/9.3.1/thumb/v7-m/nofp\libgcc.a(_arm_fixunsdfsi.o)
                0x0000000008000a88                __aeabi_d2uiz
                0x0000000008000a88                __fixunsdfsi
 .text          0x0000000008000ac8       0xa0 c:/st/stm32cubeide_1.8.0/stm32cubeide/plugins/com.st.stm32cube.ide.mcu.externaltools.gnu-tools-for-stm32.9-2020-q2-update.win32_2.0.0.202105311346/tools/bin/../lib/gcc/arm-none-eabi/9.3.1/thumb/v7-m/nofp\libgcc.a(_arm_truncdfsf2.o)
                0x0000000008000ac8                __truncdfsf2
                0x0000000008000ac8                __aeabi_d2f
 .text          0x0000000008000b68      0x21c c:/st/stm32cubeide_1.8.0/stm32cubeide/plugins/com.st.stm32cube.ide.mcu.externaltools.gnu-tools-for-stm32.9-2020-q2-update.win32_2.0.0.202105311346/tools/bin/../lib/gcc/arm-none-eabi/9.3.1/thumb/v7-m/nofp\libgcc.a(_arm_addsubsf3.o)
                0x0000000008000b68                __aeabi_frsub
                0x0000000008000b70                __subsf3
                0x0000000008000b70                __aeabi_fsub
                0x0000000008000b74                __aeabi_fadd
                0x0000000008000b74                __addsf3
                0x0000000008000cd4                __aeabi_ui2f
                0x0000000008000cd4                __floatunsisf
                0x0000000008000cdc                __aeabi_i2f
                0x0000000008000cdc                __floatsisf
                0x0000000008000cf8                __aeabi_ul2f
                0x0000000008000cf8                __floatundisf
                0x0000000008000d08                __aeabi_l2f
                0x0000000008000d08                __floatdisf
 .text          0x0000000008000d84      0x2a0 c:/st/stm32cubeide_1.8.0/stm32cubeide/plugins/com.st.stm32cube.ide.mcu.externaltools.gnu-tools-for-stm32.9-2020-q2-update.win32_2.0.0.202105311346/tools/bin/../lib/gcc/arm-none-eabi/9.3.1/thumb/v7-m/nofp\libgcc.a(_arm_muldivsf3.o)
                0x0000000008000d84                __mulsf3
                0x0000000008000d84                __aeabi_fmul
                0x0000000008000eec                __aeabi_fdiv
                0x0000000008000eec                __divsf3
 *(.text*)
 .text.RingAdd  0x0000000008001024       0x8c ./Core/Src/Modbus.o
                0x0000000008001024                RingAdd
 .text.RingGetAllBytes
                0x00000000080010b0       0x24 ./Core/Src/Modbus.o
                0x00000000080010b0                RingGetAllBytes
 .text.RingGetNBytes
                0x00000000080010d4       0xa8 ./Core/Src/Modbus.o
                0x00000000080010d4                RingGetNBytes
 .text.RingClear
                0x000000000800117c       0x32 ./Core/Src/Modbus.o
                0x000000000800117c                RingClear
 *fill*         0x00000000080011ae        0x2 
 .text.ModbusInit
                0x00000000080011b0      0x144 ./Core/Src/Modbus.o
                0x00000000080011b0                ModbusInit
 .text.ModbusStart
                0x00000000080012f4      0x108 ./Core/Src/Modbus.o
                0x00000000080012f4                ModbusStart
 .text.vTimerCallbackT35
                0x00000000080013fc       0x84 ./Core/Src/Modbus.o
 .text.vTimerCallbackTimeout
                0x0000000008001480       0x5c ./Core/Src/Modbus.o
 .text.StartTaskModbusSlave
                0x00000000080014dc      0x19c ./Core/Src/Modbus.o
                0x00000000080014dc                StartTaskModbusSlave
 .text.SendQuery
                0x0000000008001678      0x2d8 ./Core/Src/Modbus.o
 .text.StartTaskModbusMaster
                0x0000000008001950      0x1ac ./Core/Src/Modbus.o
                0x0000000008001950                StartTaskModbusMaster
 .text.get_FC1  0x0000000008001afc       0xae ./Core/Src/Modbus.o
 .text.get_FC3  0x0000000008001baa       0x5c ./Core/Src/Modbus.o
 *fill*         0x0000000008001c06        0x2 
 .text.validateAnswer
                0x0000000008001c08       0xdc ./Core/Src/Modbus.o
 .text.getRxBuffer
                0x0000000008001ce4       0x92 ./Core/Src/Modbus.o
 *fill*         0x0000000008001d76        0x2 
 .text.validateRequest
                0x0000000008001d78      0x294 ./Core/Src/Modbus.o
 .text.word     0x000000000800200c       0x24 ./Core/Src/Modbus.o
 .text.calcCRC  0x0000000008002030       0x8c ./Core/Src/Modbus.o
                0x0000000008002030                calcCRC
 .text.buildException
                0x00000000080020bc       0x3c ./Core/Src/Modbus.o
 .text.sendTxBuffer
                0x00000000080020f8      0x120 ./Core/Src/Modbus.o
 .text.process_FC1
                0x0000000008002218      0x16a ./Core/Src/Modbus.o
 .text.process_FC3
                0x0000000008002382       0xd6 ./Core/Src/Modbus.o
 .text.process_FC5
                0x0000000008002458       0xb2 ./Core/Src/Modbus.o
 .text.process_FC6
                0x000000000800250a       0x64 ./Core/Src/Modbus.o
 .text.process_FC15
                0x000000000800256e      0x11c ./Core/Src/Modbus.o
 .text.process_FC16
                0x000000000800268a       0xac ./Core/Src/Modbus.o
 *fill*         0x0000000008002736        0x2 
 .text.HAL_UART_TxCpltCallback
                0x0000000008002738       0x7c ./Core/Src/UARTCallback.o
                0x0000000008002738                HAL_UART_TxCpltCallback
 .text.HAL_UART_RxCpltCallback
                0x00000000080027b4       0xd4 ./Core/Src/UARTCallback.o
                0x00000000080027b4                HAL_UART_RxCpltCallback
 .text.Linealizacion_step
                0x0000000008002888      0x590 ./Core/Src/main.o
                0x0000000008002888                Linealizacion_step
 .text.Linealizacion_initialize
                0x0000000008002e18       0xe4 ./Core/Src/main.o
                0x0000000008002e18                Linealizacion_initialize
 *fill*         0x0000000008002efc        0x4 
 .text.control_step
                0x0000000008002f00      0x380 ./Core/Src/main.o
                0x0000000008002f00                control_step
 .text.control_initialize
                0x0000000008003280        0xc ./Core/Src/main.o
                0x0000000008003280                control_initialize
 .text.Sentido  0x000000000800328c      0x19c ./Core/Src/main.o
                0x000000000800328c                Sentido
 .text.configIna219
                0x0000000008003428       0x88 ./Core/Src/main.o
                0x0000000008003428                configIna219
 .text.getCurrent
                0x00000000080034b0       0x8c ./Core/Src/main.o
                0x00000000080034b0                getCurrent
 .text.readMotor
                0x000000000800353c       0x78 ./Core/Src/main.o
                0x000000000800353c                readMotor
 .text.deteccionCero
                0x00000000080035b4       0x94 ./Core/Src/main.o
                0x00000000080035b4                deteccionCero
 .text.HAL_GPIO_EXTI_Callback
                0x0000000008003648       0xec ./Core/Src/main.o
                0x0000000008003648                HAL_GPIO_EXTI_Callback
 .text.main     0x0000000008003734      0x1ac ./Core/Src/main.o
                0x0000000008003734                main
 .text.SystemClock_Config
                0x00000000080038e0       0x8e ./Core/Src/main.o
                0x00000000080038e0                SystemClock_Config
 *fill*         0x000000000800396e        0x2 
 .text.MX_I2C1_Init
                0x0000000008003970       0x5c ./Core/Src/main.o
 .text.MX_IWDG_Init
                0x00000000080039cc       0x34 ./Core/Src/main.o
 .text.MX_TIM1_Init
                0x0000000008003a00      0x188 ./Core/Src/main.o
 .text.MX_TIM2_Init
                0x0000000008003b88       0x9c ./Core/Src/main.o
 .text.MX_USART3_UART_Init
                0x0000000008003c24       0x54 ./Core/Src/main.o
 .text.MX_GPIO_Init
                0x0000000008003c78      0x168 ./Core/Src/main.o
 .text.StartSpeed1
                0x0000000008003de0      0x408 ./Core/Src/main.o
                0x0000000008003de0                StartSpeed1
 .text.StartModbus
                0x00000000080041e8      0x21c ./Core/Src/main.o
                0x00000000080041e8                StartModbus
 .text.StartCheckVelocidad
                0x0000000008004404      0x128 ./Core/Src/main.o
                0x0000000008004404                StartCheckVelocidad
 .text.StartTaskControl
                0x000000000800452c      0x52c ./Core/Src/main.o
                0x000000000800452c                StartTaskControl
 .text.StartCorriente
                0x0000000008004a58       0xc0 ./Core/Src/main.o
                0x0000000008004a58                StartCorriente
 .text.startPing
                0x0000000008004b18       0x64 ./Core/Src/main.o
                0x0000000008004b18                startPing
 .text.HAL_TIM_PeriodElapsedCallback
                0x0000000008004b7c       0x60 ./Core/Src/main.o
                0x0000000008004b7c                HAL_TIM_PeriodElapsedCallback
 .text.Error_Handler
                0x0000000008004bdc        0xa ./Core/Src/main.o
                0x0000000008004bdc                Error_Handler
 *fill*         0x0000000008004be6        0x2 
 .text.HAL_MspInit
                0x0000000008004be8       0x70 ./Core/Src/stm32f1xx_hal_msp.o
                0x0000000008004be8                HAL_MspInit
 .text.HAL_I2C_MspInit
                0x0000000008004c58       0xa0 ./Core/Src/stm32f1xx_hal_msp.o
                0x0000000008004c58                HAL_I2C_MspInit
 .text.HAL_I2C_MspDeInit
                0x0000000008004cf8       0x48 ./Core/Src/stm32f1xx_hal_msp.o
                0x0000000008004cf8                HAL_I2C_MspDeInit
 .text.HAL_TIM_Base_MspInit
                0x0000000008004d40       0x70 ./Core/Src/stm32f1xx_hal_msp.o
                0x0000000008004d40                HAL_TIM_Base_MspInit
 .text.HAL_TIM_MspPostInit
                0x0000000008004db0       0x68 ./Core/Src/stm32f1xx_hal_msp.o
                0x0000000008004db0                HAL_TIM_MspPostInit
 .text.HAL_UART_MspInit
                0x0000000008004e18       0xa8 ./Core/Src/stm32f1xx_hal_msp.o
                0x0000000008004e18                HAL_UART_MspInit
 .text.HAL_InitTick
                0x0000000008004ec0       0xb0 ./Core/Src/stm32f1xx_hal_timebase_tim.o
                0x0000000008004ec0                HAL_InitTick
 .text.NMI_Handler
                0x0000000008004f70        0x6 ./Core/Src/stm32f1xx_it.o
                0x0000000008004f70                NMI_Handler
 .text.HardFault_Handler
                0x0000000008004f76        0x6 ./Core/Src/stm32f1xx_it.o
                0x0000000008004f76                HardFault_Handler
 .text.MemManage_Handler
                0x0000000008004f7c        0x6 ./Core/Src/stm32f1xx_it.o
                0x0000000008004f7c                MemManage_Handler
 .text.BusFault_Handler
                0x0000000008004f82        0x6 ./Core/Src/stm32f1xx_it.o
                0x0000000008004f82                BusFault_Handler
 .text.UsageFault_Handler
                0x0000000008004f88        0x6 ./Core/Src/stm32f1xx_it.o
                0x0000000008004f88                UsageFault_Handler
 .text.DebugMon_Handler
                0x0000000008004f8e        0xc ./Core/Src/stm32f1xx_it.o
                0x0000000008004f8e                DebugMon_Handler
 .text.EXTI1_IRQHandler
                0x0000000008004f9a        0xe ./Core/Src/stm32f1xx_it.o
                0x0000000008004f9a                EXTI1_IRQHandler
 .text.EXTI2_IRQHandler
                0x0000000008004fa8        0xe ./Core/Src/stm32f1xx_it.o
                0x0000000008004fa8                EXTI2_IRQHandler
 .text.EXTI3_IRQHandler
                0x0000000008004fb6        0xe ./Core/Src/stm32f1xx_it.o
                0x0000000008004fb6                EXTI3_IRQHandler
 .text.EXTI4_IRQHandler
                0x0000000008004fc4        0xe ./Core/Src/stm32f1xx_it.o
                0x0000000008004fc4                EXTI4_IRQHandler
 *fill*         0x0000000008004fd2        0x2 
 .text.TIM2_IRQHandler
                0x0000000008004fd4       0x14 ./Core/Src/stm32f1xx_it.o
                0x0000000008004fd4                TIM2_IRQHandler
 .text.TIM4_IRQHandler
                0x0000000008004fe8       0x14 ./Core/Src/stm32f1xx_it.o
                0x0000000008004fe8                TIM4_IRQHandler
 .text.USART3_IRQHandler
                0x0000000008004ffc       0x14 ./Core/Src/stm32f1xx_it.o
                0x0000000008004ffc                USART3_IRQHandler
 .text._getpid  0x0000000008005010        0xe ./Core/Src/syscalls.o
                0x0000000008005010                _getpid
 .text._kill    0x000000000800501e       0x20 ./Core/Src/syscalls.o
                0x000000000800501e                _kill
 .text._exit    0x000000000800503e       0x14 ./Core/Src/syscalls.o
                0x000000000800503e                _exit
 .text._read    0x0000000008005052       0x3a ./Core/Src/syscalls.o
                0x0000000008005052                _read
 .text._write   0x000000000800508c       0x38 ./Core/Src/syscalls.o
                0x000000000800508c                _write
 .text._close   0x00000000080050c4       0x16 ./Core/Src/syscalls.o
                0x00000000080050c4                _close
 .text._fstat   0x00000000080050da       0x1e ./Core/Src/syscalls.o
                0x00000000080050da                _fstat
 .text._isatty  0x00000000080050f8       0x14 ./Core/Src/syscalls.o
                0x00000000080050f8                _isatty
 .text._lseek   0x000000000800510c       0x18 ./Core/Src/syscalls.o
                0x000000000800510c                _lseek
 .text._sbrk    0x0000000008005124       0x6c ./Core/Src/sysmem.o
                0x0000000008005124                _sbrk
 .text.SystemInit
                0x0000000008005190        0xc ./Core/Src/system_stm32f1xx.o
                0x0000000008005190                SystemInit
 .text.Reset_Handler
                0x000000000800519c       0x48 ./Core/Startup/startup_stm32f103cbtx.o
                0x000000000800519c                Reset_Handler
 .text.Default_Handler
                0x00000000080051e4        0x2 ./Core/Startup/startup_stm32f103cbtx.o
                0x00000000080051e4                RTC_Alarm_IRQHandler
                0x00000000080051e4                TIM1_CC_IRQHandler
                0x00000000080051e4                PVD_IRQHandler
                0x00000000080051e4                EXTI0_IRQHandler
                0x00000000080051e4                I2C2_EV_IRQHandler
                0x00000000080051e4                ADC1_2_IRQHandler
                0x00000000080051e4                SPI1_IRQHandler
                0x00000000080051e4                TAMPER_IRQHandler
                0x00000000080051e4                DMA1_Channel4_IRQHandler
                0x00000000080051e4                RTC_IRQHandler
                0x00000000080051e4                DMA1_Channel7_IRQHandler
                0x00000000080051e4                CAN1_RX1_IRQHandler
                0x00000000080051e4                I2C1_EV_IRQHandler
                0x00000000080051e4                DMA1_Channel6_IRQHandler
                0x00000000080051e4                TIM3_IRQHandler
                0x00000000080051e4                RCC_IRQHandler
                0x00000000080051e4                TIM1_TRG_COM_IRQHandler
                0x00000000080051e4                DMA1_Channel1_IRQHandler
                0x00000000080051e4                Default_Handler
                0x00000000080051e4                EXTI15_10_IRQHandler
                0x00000000080051e4                EXTI9_5_IRQHandler
                0x00000000080051e4                SPI2_IRQHandler
                0x00000000080051e4                DMA1_Channel5_IRQHandler
                0x00000000080051e4                USB_LP_CAN1_RX0_IRQHandler
                0x00000000080051e4                USB_HP_CAN1_TX_IRQHandler
                0x00000000080051e4                DMA1_Channel3_IRQHandler
                0x00000000080051e4                TIM1_UP_IRQHandler
                0x00000000080051e4                WWDG_IRQHandler
                0x00000000080051e4                TIM1_BRK_IRQHandler
                0x00000000080051e4                USART2_IRQHandler
                0x00000000080051e4                I2C2_ER_IRQHandler
                0x00000000080051e4                DMA1_Channel2_IRQHandler
                0x00000000080051e4                CAN1_SCE_IRQHandler
                0x00000000080051e4                FLASH_IRQHandler
                0x00000000080051e4                USART1_IRQHandler
                0x00000000080051e4                I2C1_ER_IRQHandler
                0x00000000080051e4                USBWakeUp_IRQHandler
 *fill*         0x00000000080051e6        0x2 
 .text.HAL_Init
                0x00000000080051e8       0x2c ./Drivers/STM32F1xx_HAL_Driver/Src/stm32f1xx_hal.o
                0x00000000080051e8                HAL_Init
 .text.HAL_IncTick
                0x0000000008005214       0x24 ./Drivers/STM32F1xx_HAL_Driver/Src/stm32f1xx_hal.o
                0x0000000008005214                HAL_IncTick
 .text.HAL_GetTick
                0x0000000008005238       0x14 ./Drivers/STM32F1xx_HAL_Driver/Src/stm32f1xx_hal.o
                0x0000000008005238                HAL_GetTick
 .text.__NVIC_SetPriorityGrouping
                0x000000000800524c       0x48 ./Drivers/STM32F1xx_HAL_Driver/Src/stm32f1xx_hal_cortex.o
 .text.__NVIC_GetPriorityGrouping
                0x0000000008005294       0x1c ./Drivers/STM32F1xx_HAL_Driver/Src/stm32f1xx_hal_cortex.o
 .text.__NVIC_EnableIRQ
                0x00000000080052b0       0x38 ./Drivers/STM32F1xx_HAL_Driver/Src/stm32f1xx_hal_cortex.o
 .text.__NVIC_SetPriority
                0x00000000080052e8       0x54 ./Drivers/STM32F1xx_HAL_Driver/Src/stm32f1xx_hal_cortex.o
 .text.NVIC_EncodePriority
                0x000000000800533c       0x64 ./Drivers/STM32F1xx_HAL_Driver/Src/stm32f1xx_hal_cortex.o
 .text.HAL_NVIC_SetPriorityGrouping
                0x00000000080053a0       0x16 ./Drivers/STM32F1xx_HAL_Driver/Src/stm32f1xx_hal_cortex.o
                0x00000000080053a0                HAL_NVIC_SetPriorityGrouping
 .text.HAL_NVIC_SetPriority
                0x00000000080053b6       0x38 ./Drivers/STM32F1xx_HAL_Driver/Src/stm32f1xx_hal_cortex.o
                0x00000000080053b6                HAL_NVIC_SetPriority
 .text.HAL_NVIC_EnableIRQ
                0x00000000080053ee       0x1c ./Drivers/STM32F1xx_HAL_Driver/Src/stm32f1xx_hal_cortex.o
                0x00000000080053ee                HAL_NVIC_EnableIRQ
 .text.HAL_DMA_Abort
                0x000000000800540a       0x74 ./Drivers/STM32F1xx_HAL_Driver/Src/stm32f1xx_hal_dma.o
                0x000000000800540a                HAL_DMA_Abort
 *fill*         0x000000000800547e        0x2 
 .text.HAL_DMA_Abort_IT
                0x0000000008005480       0xec ./Drivers/STM32F1xx_HAL_Driver/Src/stm32f1xx_hal_dma.o
                0x0000000008005480                HAL_DMA_Abort_IT
 .text.HAL_GPIO_Init
                0x000000000800556c      0x308 ./Drivers/STM32F1xx_HAL_Driver/Src/stm32f1xx_hal_gpio.o
                0x000000000800556c                HAL_GPIO_Init
 .text.HAL_GPIO_DeInit
                0x0000000008005874      0x178 ./Drivers/STM32F1xx_HAL_Driver/Src/stm32f1xx_hal_gpio.o
                0x0000000008005874                HAL_GPIO_DeInit
 .text.HAL_GPIO_WritePin
                0x00000000080059ec       0x30 ./Drivers/STM32F1xx_HAL_Driver/Src/stm32f1xx_hal_gpio.o
                0x00000000080059ec                HAL_GPIO_WritePin
 .text.HAL_GPIO_TogglePin
                0x0000000008005a1c       0x32 ./Drivers/STM32F1xx_HAL_Driver/Src/stm32f1xx_hal_gpio.o
                0x0000000008005a1c                HAL_GPIO_TogglePin
 *fill*         0x0000000008005a4e        0x2 
 .text.HAL_GPIO_EXTI_IRQHandler
                0x0000000008005a50       0x30 ./Drivers/STM32F1xx_HAL_Driver/Src/stm32f1xx_hal_gpio.o
                0x0000000008005a50                HAL_GPIO_EXTI_IRQHandler
 .text.HAL_I2C_Init
                0x0000000008005a80      0x288 ./Drivers/STM32F1xx_HAL_Driver/Src/stm32f1xx_hal_i2c.o
                0x0000000008005a80                HAL_I2C_Init
 .text.HAL_I2C_DeInit
                0x0000000008005d08       0x5e ./Drivers/STM32F1xx_HAL_Driver/Src/stm32f1xx_hal_i2c.o
                0x0000000008005d08                HAL_I2C_DeInit
 *fill*         0x0000000008005d66        0x2 
 .text.HAL_I2C_Mem_Write
                0x0000000008005d68      0x1f4 ./Drivers/STM32F1xx_HAL_Driver/Src/stm32f1xx_hal_i2c.o
                0x0000000008005d68                HAL_I2C_Mem_Write
 .text.HAL_I2C_Mem_Read
                0x0000000008005f5c      0x4d0 ./Drivers/STM32F1xx_HAL_Driver/Src/stm32f1xx_hal_i2c.o
                0x0000000008005f5c                HAL_I2C_Mem_Read
 .text.HAL_I2C_IsDeviceReady
                0x000000000800642c      0x25c ./Drivers/STM32F1xx_HAL_Driver/Src/stm32f1xx_hal_i2c.o
                0x000000000800642c                HAL_I2C_IsDeviceReady
 .text.I2C_RequestMemoryWrite
                0x0000000008006688      0x12c ./Drivers/STM32F1xx_HAL_Driver/Src/stm32f1xx_hal_i2c.o
 .text.I2C_RequestMemoryRead
                0x00000000080067b4      0x1d0 ./Drivers/STM32F1xx_HAL_Driver/Src/stm32f1xx_hal_i2c.o
 .text.I2C_WaitOnFlagUntilTimeout
                0x0000000008006984       0xae ./Drivers/STM32F1xx_HAL_Driver/Src/stm32f1xx_hal_i2c.o
 .text.I2C_WaitOnMasterAddressFlagUntilTimeout
                0x0000000008006a32       0xfe ./Drivers/STM32F1xx_HAL_Driver/Src/stm32f1xx_hal_i2c.o
 .text.I2C_WaitOnTXEFlagUntilTimeout
                0x0000000008006b30       0x82 ./Drivers/STM32F1xx_HAL_Driver/Src/stm32f1xx_hal_i2c.o
 .text.I2C_WaitOnBTFFlagUntilTimeout
                0x0000000008006bb2       0x82 ./Drivers/STM32F1xx_HAL_Driver/Src/stm32f1xx_hal_i2c.o
 .text.I2C_WaitOnRXNEFlagUntilTimeout
                0x0000000008006c34       0xac ./Drivers/STM32F1xx_HAL_Driver/Src/stm32f1xx_hal_i2c.o
 .text.I2C_IsAcknowledgeFailed
                0x0000000008006ce0       0x5c ./Drivers/STM32F1xx_HAL_Driver/Src/stm32f1xx_hal_i2c.o
 .text.HAL_IWDG_Init
                0x0000000008006d3c       0x84 ./Drivers/STM32F1xx_HAL_Driver/Src/stm32f1xx_hal_iwdg.o
                0x0000000008006d3c                HAL_IWDG_Init
 .text.HAL_IWDG_Refresh
                0x0000000008006dc0       0x1e ./Drivers/STM32F1xx_HAL_Driver/Src/stm32f1xx_hal_iwdg.o
                0x0000000008006dc0                HAL_IWDG_Refresh
 *fill*         0x0000000008006dde        0x2 
 .text.HAL_RCC_OscConfig
                0x0000000008006de0      0x500 ./Drivers/STM32F1xx_HAL_Driver/Src/stm32f1xx_hal_rcc.o
                0x0000000008006de0                HAL_RCC_OscConfig
 .text.HAL_RCC_ClockConfig
                0x00000000080072e0      0x1d4 ./Drivers/STM32F1xx_HAL_Driver/Src/stm32f1xx_hal_rcc.o
                0x00000000080072e0                HAL_RCC_ClockConfig
 .text.HAL_RCC_GetSysClockFreq
                0x00000000080074b4       0xc0 ./Drivers/STM32F1xx_HAL_Driver/Src/stm32f1xx_hal_rcc.o
                0x00000000080074b4                HAL_RCC_GetSysClockFreq
 .text.HAL_RCC_GetHCLKFreq
                0x0000000008007574       0x14 ./Drivers/STM32F1xx_HAL_Driver/Src/stm32f1xx_hal_rcc.o
                0x0000000008007574                HAL_RCC_GetHCLKFreq
 .text.HAL_RCC_GetPCLK1Freq
                0x0000000008007588       0x28 ./Drivers/STM32F1xx_HAL_Driver/Src/stm32f1xx_hal_rcc.o
                0x0000000008007588                HAL_RCC_GetPCLK1Freq
 .text.HAL_RCC_GetPCLK2Freq
                0x00000000080075b0       0x28 ./Drivers/STM32F1xx_HAL_Driver/Src/stm32f1xx_hal_rcc.o
                0x00000000080075b0                HAL_RCC_GetPCLK2Freq
 .text.HAL_RCC_GetClockConfig
                0x00000000080075d8       0x60 ./Drivers/STM32F1xx_HAL_Driver/Src/stm32f1xx_hal_rcc.o
                0x00000000080075d8                HAL_RCC_GetClockConfig
 .text.RCC_Delay
                0x0000000008007638       0x3c ./Drivers/STM32F1xx_HAL_Driver/Src/stm32f1xx_hal_rcc.o
 .text.HAL_TIM_Base_Init
                0x0000000008007674       0x9e ./Drivers/STM32F1xx_HAL_Driver/Src/stm32f1xx_hal_tim.o
                0x0000000008007674                HAL_TIM_Base_Init
 *fill*         0x0000000008007712        0x2 
 .text.HAL_TIM_Base_Start_IT
                0x0000000008007714       0xa4 ./Drivers/STM32F1xx_HAL_Driver/Src/stm32f1xx_hal_tim.o
                0x0000000008007714                HAL_TIM_Base_Start_IT
 .text.HAL_TIM_PWM_Init
                0x00000000080077b8       0x9e ./Drivers/STM32F1xx_HAL_Driver/Src/stm32f1xx_hal_tim.o
                0x00000000080077b8                HAL_TIM_PWM_Init
 .text.HAL_TIM_PWM_MspInit
                0x0000000008007856       0x12 ./Drivers/STM32F1xx_HAL_Driver/Src/stm32f1xx_hal_tim.o
                0x0000000008007856                HAL_TIM_PWM_MspInit
 .text.HAL_TIM_PWM_Start
                0x0000000008007868      0x144 ./Drivers/STM32F1xx_HAL_Driver/Src/stm32f1xx_hal_tim.o
                0x0000000008007868                HAL_TIM_PWM_Start
 .text.HAL_TIM_IRQHandler
                0x00000000080079ac      0x210 ./Drivers/STM32F1xx_HAL_Driver/Src/stm32f1xx_hal_tim.o
                0x00000000080079ac                HAL_TIM_IRQHandler
 .text.HAL_TIM_PWM_ConfigChannel
                0x0000000008007bbc      0x17c ./Drivers/STM32F1xx_HAL_Driver/Src/stm32f1xx_hal_tim.o
                0x0000000008007bbc                HAL_TIM_PWM_ConfigChannel
 .text.HAL_TIM_ConfigClockSource
                0x0000000008007d38      0x188 ./Drivers/STM32F1xx_HAL_Driver/Src/stm32f1xx_hal_tim.o
                0x0000000008007d38                HAL_TIM_ConfigClockSource
 .text.HAL_TIM_OC_DelayElapsedCallback
                0x0000000008007ec0       0x12 ./Drivers/STM32F1xx_HAL_Driver/Src/stm32f1xx_hal_tim.o
                0x0000000008007ec0                HAL_TIM_OC_DelayElapsedCallback
 .text.HAL_TIM_IC_CaptureCallback
                0x0000000008007ed2       0x12 ./Drivers/STM32F1xx_HAL_Driver/Src/stm32f1xx_hal_tim.o
                0x0000000008007ed2                HAL_TIM_IC_CaptureCallback
 .text.HAL_TIM_PWM_PulseFinishedCallback
                0x0000000008007ee4       0x12 ./Drivers/STM32F1xx_HAL_Driver/Src/stm32f1xx_hal_tim.o
                0x0000000008007ee4                HAL_TIM_PWM_PulseFinishedCallback
 .text.HAL_TIM_TriggerCallback
                0x0000000008007ef6       0x12 ./Drivers/STM32F1xx_HAL_Driver/Src/stm32f1xx_hal_tim.o
                0x0000000008007ef6                HAL_TIM_TriggerCallback
 .text.TIM_Base_SetConfig
                0x0000000008007f08       0xc4 ./Drivers/STM32F1xx_HAL_Driver/Src/stm32f1xx_hal_tim.o
                0x0000000008007f08                TIM_Base_SetConfig
 .text.TIM_OC1_SetConfig
                0x0000000008007fcc       0xcc ./Drivers/STM32F1xx_HAL_Driver/Src/stm32f1xx_hal_tim.o
 .text.TIM_OC2_SetConfig
                0x0000000008008098       0xd4 ./Drivers/STM32F1xx_HAL_Driver/Src/stm32f1xx_hal_tim.o
                0x0000000008008098                TIM_OC2_SetConfig
 .text.TIM_OC3_SetConfig
                0x000000000800816c       0xd4 ./Drivers/STM32F1xx_HAL_Driver/Src/stm32f1xx_hal_tim.o
 .text.TIM_OC4_SetConfig
                0x0000000008008240       0x9c ./Drivers/STM32F1xx_HAL_Driver/Src/stm32f1xx_hal_tim.o
 .text.TIM_TI1_ConfigInputStage
                0x00000000080082dc       0x5c ./Drivers/STM32F1xx_HAL_Driver/Src/stm32f1xx_hal_tim.o
 .text.TIM_TI2_ConfigInputStage
                0x0000000008008338       0x5e ./Drivers/STM32F1xx_HAL_Driver/Src/stm32f1xx_hal_tim.o
 .text.TIM_ITRx_SetConfig
                0x0000000008008396       0x34 ./Drivers/STM32F1xx_HAL_Driver/Src/stm32f1xx_hal_tim.o
 .text.TIM_ETR_SetConfig
                0x00000000080083ca       0x3e ./Drivers/STM32F1xx_HAL_Driver/Src/stm32f1xx_hal_tim.o
                0x00000000080083ca                TIM_ETR_SetConfig
 .text.TIM_CCxChannelCmd
                0x0000000008008408       0x48 ./Drivers/STM32F1xx_HAL_Driver/Src/stm32f1xx_hal_tim.o
                0x0000000008008408                TIM_CCxChannelCmd
 .text.HAL_TIMEx_MasterConfigSynchronization
                0x0000000008008450       0xbc ./Drivers/STM32F1xx_HAL_Driver/Src/stm32f1xx_hal_tim_ex.o
                0x0000000008008450                HAL_TIMEx_MasterConfigSynchronization
 .text.HAL_TIMEx_ConfigBreakDeadTime
                0x000000000800850c       0xa2 ./Drivers/STM32F1xx_HAL_Driver/Src/stm32f1xx_hal_tim_ex.o
                0x000000000800850c                HAL_TIMEx_ConfigBreakDeadTime
 .text.HAL_TIMEx_CommutCallback
                0x00000000080085ae       0x12 ./Drivers/STM32F1xx_HAL_Driver/Src/stm32f1xx_hal_tim_ex.o
                0x00000000080085ae                HAL_TIMEx_CommutCallback
 .text.HAL_TIMEx_BreakCallback
                0x00000000080085c0       0x12 ./Drivers/STM32F1xx_HAL_Driver/Src/stm32f1xx_hal_tim_ex.o
                0x00000000080085c0                HAL_TIMEx_BreakCallback
 .text.HAL_UART_Init
                0x00000000080085d2       0x9a ./Drivers/STM32F1xx_HAL_Driver/Src/stm32f1xx_hal_uart.o
                0x00000000080085d2                HAL_UART_Init
 .text.HAL_UART_Transmit_IT
                0x000000000800866c       0x88 ./Drivers/STM32F1xx_HAL_Driver/Src/stm32f1xx_hal_uart.o
                0x000000000800866c                HAL_UART_Transmit_IT
 .text.HAL_UART_Receive_IT
                0x00000000080086f4       0x60 ./Drivers/STM32F1xx_HAL_Driver/Src/stm32f1xx_hal_uart.o
                0x00000000080086f4                HAL_UART_Receive_IT
 .text.HAL_UART_AbortReceive_IT
                0x0000000008008754       0xd4 ./Drivers/STM32F1xx_HAL_Driver/Src/stm32f1xx_hal_uart.o
                0x0000000008008754                HAL_UART_AbortReceive_IT
 .text.HAL_UART_IRQHandler
                0x0000000008008828      0x354 ./Drivers/STM32F1xx_HAL_Driver/Src/stm32f1xx_hal_uart.o
                0x0000000008008828                HAL_UART_IRQHandler
 .text.HAL_UART_ErrorCallback
                0x0000000008008b7c       0x12 ./Drivers/STM32F1xx_HAL_Driver/Src/stm32f1xx_hal_uart.o
                0x0000000008008b7c                HAL_UART_ErrorCallback
 .text.HAL_UART_AbortReceiveCpltCallback
                0x0000000008008b8e       0x12 ./Drivers/STM32F1xx_HAL_Driver/Src/stm32f1xx_hal_uart.o
                0x0000000008008b8e                HAL_UART_AbortReceiveCpltCallback
 .text.HAL_UARTEx_RxEventCallback
                0x0000000008008ba0       0x16 ./Drivers/STM32F1xx_HAL_Driver/Src/stm32f1xx_hal_uart.o
                0x0000000008008ba0                HAL_UARTEx_RxEventCallback
 .text.HAL_HalfDuplex_EnableTransmitter
                0x0000000008008bb6       0x66 ./Drivers/STM32F1xx_HAL_Driver/Src/stm32f1xx_hal_uart.o
                0x0000000008008bb6                HAL_HalfDuplex_EnableTransmitter
 .text.HAL_HalfDuplex_EnableReceiver
                0x0000000008008c1c       0x66 ./Drivers/STM32F1xx_HAL_Driver/Src/stm32f1xx_hal_uart.o
                0x0000000008008c1c                HAL_HalfDuplex_EnableReceiver
 .text.HAL_UART_GetState
                0x0000000008008c82       0x3a ./Drivers/STM32F1xx_HAL_Driver/Src/stm32f1xx_hal_uart.o
                0x0000000008008c82                HAL_UART_GetState
 .text.UART_Start_Receive_IT
                0x0000000008008cbc       0x72 ./Drivers/STM32F1xx_HAL_Driver/Src/stm32f1xx_hal_uart.o
                0x0000000008008cbc                UART_Start_Receive_IT
 .text.UART_EndRxTransfer
                0x0000000008008d2e       0x58 ./Drivers/STM32F1xx_HAL_Driver/Src/stm32f1xx_hal_uart.o
 .text.UART_DMAAbortOnError
                0x0000000008008d86       0x28 ./Drivers/STM32F1xx_HAL_Driver/Src/stm32f1xx_hal_uart.o
 .text.UART_DMARxOnlyAbortCallback
                0x0000000008008dae       0x30 ./Drivers/STM32F1xx_HAL_Driver/Src/stm32f1xx_hal_uart.o
 .text.UART_Transmit_IT
                0x0000000008008dde       0x9e ./Drivers/STM32F1xx_HAL_Driver/Src/stm32f1xx_hal_uart.o
 .text.UART_EndTransmit_IT
                0x0000000008008e7c       0x30 ./Drivers/STM32F1xx_HAL_Driver/Src/stm32f1xx_hal_uart.o
 .text.UART_Receive_IT
                0x0000000008008eac      0x152 ./Drivers/STM32F1xx_HAL_Driver/Src/stm32f1xx_hal_uart.o
 *fill*         0x0000000008008ffe        0x2 
 .text.UART_SetConfig
                0x0000000008009000      0x11c ./Drivers/STM32F1xx_HAL_Driver/Src/stm32f1xx_hal_uart.o
 .text.osKernelInitialize
                0x000000000800911c       0x64 ./Middlewares/Third_Party/FreeRTOS/Source/CMSIS_RTOS_V2/cmsis_os2.o
                0x000000000800911c                osKernelInitialize
 .text.osKernelStart
                0x0000000008009180       0x68 ./Middlewares/Third_Party/FreeRTOS/Source/CMSIS_RTOS_V2/cmsis_os2.o
                0x0000000008009180                osKernelStart
 .text.osThreadNew
                0x00000000080091e8      0x154 ./Middlewares/Third_Party/FreeRTOS/Source/CMSIS_RTOS_V2/cmsis_os2.o
                0x00000000080091e8                osThreadNew
 .text.osDelay  0x000000000800933c       0x5c ./Middlewares/Third_Party/FreeRTOS/Source/CMSIS_RTOS_V2/cmsis_os2.o
                0x000000000800933c                osDelay
 .text.osSemaphoreNew
                0x0000000008009398      0x138 ./Middlewares/Third_Party/FreeRTOS/Source/CMSIS_RTOS_V2/cmsis_os2.o
                0x0000000008009398                osSemaphoreNew
 .text.osSemaphoreAcquire
                0x00000000080094d0       0xcc ./Middlewares/Third_Party/FreeRTOS/Source/CMSIS_RTOS_V2/cmsis_os2.o
                0x00000000080094d0                osSemaphoreAcquire
 .text.osSemaphoreRelease
                0x000000000800959c       0xb0 ./Middlewares/Third_Party/FreeRTOS/Source/CMSIS_RTOS_V2/cmsis_os2.o
                0x000000000800959c                osSemaphoreRelease
 .text.osMessageQueueNew
                0x000000000800964c      0x10c ./Middlewares/Third_Party/FreeRTOS/Source/CMSIS_RTOS_V2/cmsis_os2.o
                0x000000000800964c                osMessageQueueNew
 .text.vApplicationGetIdleTaskMemory
                0x0000000008009758       0x30 ./Middlewares/Third_Party/FreeRTOS/Source/CMSIS_RTOS_V2/cmsis_os2.o
                0x0000000008009758                vApplicationGetIdleTaskMemory
 .text.vApplicationGetTimerTaskMemory
                0x0000000008009788       0x30 ./Middlewares/Third_Party/FreeRTOS/Source/CMSIS_RTOS_V2/cmsis_os2.o
                0x0000000008009788                vApplicationGetTimerTaskMemory
 .text.vListInitialise
                0x00000000080097b8       0x3e ./Middlewares/Third_Party/FreeRTOS/Source/list.o
                0x00000000080097b8                vListInitialise
 .text.vListInitialiseItem
                0x00000000080097f6       0x18 ./Middlewares/Third_Party/FreeRTOS/Source/list.o
                0x00000000080097f6                vListInitialiseItem
 .text.vListInsertEnd
                0x000000000800980e       0x46 ./Middlewares/Third_Party/FreeRTOS/Source/list.o
                0x000000000800980e                vListInsertEnd
 .text.vListInsert
                0x0000000008009854       0x70 ./Middlewares/Third_Party/FreeRTOS/Source/list.o
                0x0000000008009854                vListInsert
 .text.uxListRemove
                0x00000000080098c4       0x52 ./Middlewares/Third_Party/FreeRTOS/Source/list.o
                0x00000000080098c4                uxListRemove
 *fill*         0x0000000008009916        0x2 
 .text.xQueueGenericReset
                0x0000000008009918       0xd0 ./Middlewares/Third_Party/FreeRTOS/Source/queue.o
                0x0000000008009918                xQueueGenericReset
 .text.xQueueGenericCreateStatic
                0x00000000080099e8       0xee ./Middlewares/Third_Party/FreeRTOS/Source/queue.o
                0x00000000080099e8                xQueueGenericCreateStatic
 .text.xQueueGenericCreate
                0x0000000008009ad6       0x7c ./Middlewares/Third_Party/FreeRTOS/Source/queue.o
                0x0000000008009ad6                xQueueGenericCreate
 .text.prvInitialiseNewQueue
                0x0000000008009b52       0x46 ./Middlewares/Third_Party/FreeRTOS/Source/queue.o
 .text.xQueueCreateCountingSemaphoreStatic
                0x0000000008009b98       0x6e ./Middlewares/Third_Party/FreeRTOS/Source/queue.o
                0x0000000008009b98                xQueueCreateCountingSemaphoreStatic
 .text.xQueueCreateCountingSemaphore
                0x0000000008009c06       0x66 ./Middlewares/Third_Party/FreeRTOS/Source/queue.o
                0x0000000008009c06                xQueueCreateCountingSemaphore
 .text.xQueueGenericSend
                0x0000000008009c6c      0x1fc ./Middlewares/Third_Party/FreeRTOS/Source/queue.o
                0x0000000008009c6c                xQueueGenericSend
 .text.xQueueGenericSendFromISR
                0x0000000008009e68      0x130 ./Middlewares/Third_Party/FreeRTOS/Source/queue.o
                0x0000000008009e68                xQueueGenericSendFromISR
 .text.xQueueGiveFromISR
                0x0000000008009f98      0x11a ./Middlewares/Third_Party/FreeRTOS/Source/queue.o
                0x0000000008009f98                xQueueGiveFromISR
 *fill*         0x000000000800a0b2        0x2 
 .text.xQueueReceive
                0x000000000800a0b4      0x1c0 ./Middlewares/Third_Party/FreeRTOS/Source/queue.o
                0x000000000800a0b4                xQueueReceive
 .text.xQueueSemaphoreTake
                0x000000000800a274      0x218 ./Middlewares/Third_Party/FreeRTOS/Source/queue.o
                0x000000000800a274                xQueueSemaphoreTake
 .text.xQueueReceiveFromISR
                0x000000000800a48c      0x100 ./Middlewares/Third_Party/FreeRTOS/Source/queue.o
                0x000000000800a48c                xQueueReceiveFromISR
 .text.vQueueDelete
                0x000000000800a58c       0x46 ./Middlewares/Third_Party/FreeRTOS/Source/queue.o
                0x000000000800a58c                vQueueDelete
 .text.prvGetDisinheritPriorityAfterTimeout
                0x000000000800a5d2       0x2e ./Middlewares/Third_Party/FreeRTOS/Source/queue.o
 .text.prvCopyDataToQueue
                0x000000000800a600       0xd4 ./Middlewares/Third_Party/FreeRTOS/Source/queue.o
 .text.prvCopyDataFromQueue
                0x000000000800a6d4       0x4c ./Middlewares/Third_Party/FreeRTOS/Source/queue.o
 .text.prvUnlockQueue
                0x000000000800a720       0xa4 ./Middlewares/Third_Party/FreeRTOS/Source/queue.o
 .text.prvIsQueueEmpty
                0x000000000800a7c4       0x2c ./Middlewares/Third_Party/FreeRTOS/Source/queue.o
 .text.prvIsQueueFull
                0x000000000800a7f0       0x30 ./Middlewares/Third_Party/FreeRTOS/Source/queue.o
 .text.vQueueAddToRegistry
                0x000000000800a820       0x50 ./Middlewares/Third_Party/FreeRTOS/Source/queue.o
                0x000000000800a820                vQueueAddToRegistry
 .text.vQueueUnregisterQueue
                0x000000000800a870       0x54 ./Middlewares/Third_Party/FreeRTOS/Source/queue.o
                0x000000000800a870                vQueueUnregisterQueue
 .text.vQueueWaitForMessageRestricted
                0x000000000800a8c4       0x68 ./Middlewares/Third_Party/FreeRTOS/Source/queue.o
                0x000000000800a8c4                vQueueWaitForMessageRestricted
 .text.xTaskCreateStatic
                0x000000000800a92c       0xb8 ./Middlewares/Third_Party/FreeRTOS/Source/tasks.o
                0x000000000800a92c                xTaskCreateStatic
 .text.xTaskCreate
                0x000000000800a9e4       0x8a ./Middlewares/Third_Party/FreeRTOS/Source/tasks.o
                0x000000000800a9e4                xTaskCreate
 *fill*         0x000000000800aa6e        0x2 
 .text.prvInitialiseNewTask
                0x000000000800aa70      0x13c ./Middlewares/Third_Party/FreeRTOS/Source/tasks.o
 .text.prvAddNewTaskToReadyList
                0x000000000800abac       0xe0 ./Middlewares/Third_Party/FreeRTOS/Source/tasks.o
 .text.vTaskDelay
                0x000000000800ac8c       0x68 ./Middlewares/Third_Party/FreeRTOS/Source/tasks.o
                0x000000000800ac8c                vTaskDelay
 .text.vTaskStartScheduler
                0x000000000800acf4       0xe0 ./Middlewares/Third_Party/FreeRTOS/Source/tasks.o
                0x000000000800acf4                vTaskStartScheduler
 .text.vTaskSuspendAll
                0x000000000800add4       0x1c ./Middlewares/Third_Party/FreeRTOS/Source/tasks.o
                0x000000000800add4                vTaskSuspendAll
 .text.xTaskResumeAll
                0x000000000800adf0      0x13c ./Middlewares/Third_Party/FreeRTOS/Source/tasks.o
                0x000000000800adf0                xTaskResumeAll
 .text.xTaskGetTickCount
                0x000000000800af2c       0x1c ./Middlewares/Third_Party/FreeRTOS/Source/tasks.o
                0x000000000800af2c                xTaskGetTickCount
 .text.xTaskGetTickCountFromISR
                0x000000000800af48       0x24 ./Middlewares/Third_Party/FreeRTOS/Source/tasks.o
                0x000000000800af48                xTaskGetTickCountFromISR
 .text.xTaskIncrementTick
                0x000000000800af6c      0x17c ./Middlewares/Third_Party/FreeRTOS/Source/tasks.o
                0x000000000800af6c                xTaskIncrementTick
 .text.vTaskSwitchContext
                0x000000000800b0e8       0xc8 ./Middlewares/Third_Party/FreeRTOS/Source/tasks.o
                0x000000000800b0e8                vTaskSwitchContext
 .text.vTaskPlaceOnEventList
                0x000000000800b1b0       0x48 ./Middlewares/Third_Party/FreeRTOS/Source/tasks.o
                0x000000000800b1b0                vTaskPlaceOnEventList
 .text.vTaskPlaceOnEventListRestricted
                0x000000000800b1f8       0x58 ./Middlewares/Third_Party/FreeRTOS/Source/tasks.o
                0x000000000800b1f8                vTaskPlaceOnEventListRestricted
 .text.xTaskRemoveFromEventList
                0x000000000800b250       0xc8 ./Middlewares/Third_Party/FreeRTOS/Source/tasks.o
                0x000000000800b250                xTaskRemoveFromEventList
 .text.vTaskInternalSetTimeOutState
                0x000000000800b318       0x2c ./Middlewares/Third_Party/FreeRTOS/Source/tasks.o
                0x000000000800b318                vTaskInternalSetTimeOutState
 .text.xTaskCheckForTimeOut
                0x000000000800b344       0xc4 ./Middlewares/Third_Party/FreeRTOS/Source/tasks.o
                0x000000000800b344                xTaskCheckForTimeOut
 .text.vTaskMissedYield
                0x000000000800b408       0x18 ./Middlewares/Third_Party/FreeRTOS/Source/tasks.o
                0x000000000800b408                vTaskMissedYield
 .text.prvIdleTask
                0x000000000800b420       0x30 ./Middlewares/Third_Party/FreeRTOS/Source/tasks.o
 .text.prvInitialiseTaskLists
                0x000000000800b450       0x80 ./Middlewares/Third_Party/FreeRTOS/Source/tasks.o
 .text.prvCheckTasksWaitingTermination
                0x000000000800b4d0       0x5c ./Middlewares/Third_Party/FreeRTOS/Source/tasks.o
 .text.prvDeleteTCB
                0x000000000800b52c       0x68 ./Middlewares/Third_Party/FreeRTOS/Source/tasks.o
 .text.prvResetNextTaskUnblockTime
                0x000000000800b594       0x48 ./Middlewares/Third_Party/FreeRTOS/Source/tasks.o
 .text.xTaskGetSchedulerState
                0x000000000800b5dc       0x3c ./Middlewares/Third_Party/FreeRTOS/Source/tasks.o
                0x000000000800b5dc                xTaskGetSchedulerState
 .text.xTaskPriorityInherit
                0x000000000800b618       0xdc ./Middlewares/Third_Party/FreeRTOS/Source/tasks.o
                0x000000000800b618                xTaskPriorityInherit
 .text.xTaskPriorityDisinherit
                0x000000000800b6f4       0xdc ./Middlewares/Third_Party/FreeRTOS/Source/tasks.o
                0x000000000800b6f4                xTaskPriorityDisinherit
 .text.vTaskPriorityDisinheritAfterTimeout
                0x000000000800b7d0      0x10c ./Middlewares/Third_Party/FreeRTOS/Source/tasks.o
                0x000000000800b7d0                vTaskPriorityDisinheritAfterTimeout
 .text.pvTaskIncrementMutexHeldCount
                0x000000000800b8dc       0x28 ./Middlewares/Third_Party/FreeRTOS/Source/tasks.o
                0x000000000800b8dc                pvTaskIncrementMutexHeldCount
 .text.ulTaskNotifyTake
                0x000000000800b904       0x98 ./Middlewares/Third_Party/FreeRTOS/Source/tasks.o
                0x000000000800b904                ulTaskNotifyTake
 .text.xTaskGenericNotify
                0x000000000800b99c      0x154 ./Middlewares/Third_Party/FreeRTOS/Source/tasks.o
                0x000000000800b99c                xTaskGenericNotify
 .text.xTaskGenericNotifyFromISR
                0x000000000800baf0      0x1a4 ./Middlewares/Third_Party/FreeRTOS/Source/tasks.o
                0x000000000800baf0                xTaskGenericNotifyFromISR
 .text.prvAddCurrentTaskToDelayedList
                0x000000000800bc94       0xa8 ./Middlewares/Third_Party/FreeRTOS/Source/tasks.o
 .text.xTimerCreateTimerTask
                0x000000000800bd3c       0x90 ./Middlewares/Third_Party/FreeRTOS/Source/timers.o
                0x000000000800bd3c                xTimerCreateTimerTask
 .text.xTimerCreate
                0x000000000800bdcc       0x42 ./Middlewares/Third_Party/FreeRTOS/Source/timers.o
                0x000000000800bdcc                xTimerCreate
 .text.prvInitialiseNewTimer
                0x000000000800be0e       0x64 ./Middlewares/Third_Party/FreeRTOS/Source/timers.o
 *fill*         0x000000000800be72        0x2 
 .text.xTimerGenericCommand
                0x000000000800be74       0x9c ./Middlewares/Third_Party/FreeRTOS/Source/timers.o
                0x000000000800be74                xTimerGenericCommand
 .text.prvProcessExpiredTimer
                0x000000000800bf10       0x80 ./Middlewares/Third_Party/FreeRTOS/Source/timers.o
 .text.prvTimerTask
                0x000000000800bf90       0x24 ./Middlewares/Third_Party/FreeRTOS/Source/timers.o
 .text.prvProcessTimerOrBlockTask
                0x000000000800bfb4       0x9c ./Middlewares/Third_Party/FreeRTOS/Source/timers.o
 .text.prvGetNextExpireTime
                0x000000000800c050       0x48 ./Middlewares/Third_Party/FreeRTOS/Source/timers.o
 .text.prvSampleTimeNow
                0x000000000800c098       0x40 ./Middlewares/Third_Party/FreeRTOS/Source/timers.o
 .text.prvInsertTimerInActiveList
                0x000000000800c0d8       0x84 ./Middlewares/Third_Party/FreeRTOS/Source/timers.o
 .text.prvProcessReceivedCommands
                0x000000000800c15c      0x168 ./Middlewares/Third_Party/FreeRTOS/Source/timers.o
 .text.prvSwitchTimerLists
                0x000000000800c2c4       0xc4 ./Middlewares/Third_Party/FreeRTOS/Source/timers.o
 .text.prvCheckForValidListAndQueue
                0x000000000800c388       0x80 ./Middlewares/Third_Party/FreeRTOS/Source/timers.o
 .text.pxPortInitialiseStack
                0x000000000800c408       0x58 ./Middlewares/Third_Party/FreeRTOS/Source/portable/GCC/ARM_CM3/port.o
                0x000000000800c408                pxPortInitialiseStack
 .text.prvTaskExitError
                0x000000000800c460       0x58 ./Middlewares/Third_Party/FreeRTOS/Source/portable/GCC/ARM_CM3/port.o
 *fill*         0x000000000800c4b8        0x8 
 .text.SVC_Handler
                0x000000000800c4c0       0x28 ./Middlewares/Third_Party/FreeRTOS/Source/portable/GCC/ARM_CM3/port.o
                0x000000000800c4c0                SVC_Handler
 .text.prvPortStartFirstTask
                0x000000000800c4e8       0x20 ./Middlewares/Third_Party/FreeRTOS/Source/portable/GCC/ARM_CM3/port.o
 .text.xPortStartScheduler
                0x000000000800c508       0xe4 ./Middlewares/Third_Party/FreeRTOS/Source/portable/GCC/ARM_CM3/port.o
                0x000000000800c508                xPortStartScheduler
 .text.vPortEnterCritical
                0x000000000800c5ec       0x60 ./Middlewares/Third_Party/FreeRTOS/Source/portable/GCC/ARM_CM3/port.o
                0x000000000800c5ec                vPortEnterCritical
 .text.vPortExitCritical
                0x000000000800c64c       0x50 ./Middlewares/Third_Party/FreeRTOS/Source/portable/GCC/ARM_CM3/port.o
                0x000000000800c64c                vPortExitCritical
 *fill*         0x000000000800c69c        0x4 
 .text.PendSV_Handler
                0x000000000800c6a0       0x48 ./Middlewares/Third_Party/FreeRTOS/Source/portable/GCC/ARM_CM3/port.o
                0x000000000800c6a0                PendSV_Handler
 .text.SysTick_Handler
                0x000000000800c6e8       0x44 ./Middlewares/Third_Party/FreeRTOS/Source/portable/GCC/ARM_CM3/port.o
                0x000000000800c6e8                SysTick_Handler
 .text.vPortSetupTimerInterrupt
                0x000000000800c72c       0x44 ./Middlewares/Third_Party/FreeRTOS/Source/portable/GCC/ARM_CM3/port.o
                0x000000000800c72c                vPortSetupTimerInterrupt
 .text.vPortValidateInterruptPriority
                0x000000000800c770       0x7c ./Middlewares/Third_Party/FreeRTOS/Source/portable/GCC/ARM_CM3/port.o
                0x000000000800c770                vPortValidateInterruptPriority
 .text.pvPortMalloc
                0x000000000800c7ec      0x188 ./Middlewares/Third_Party/FreeRTOS/Source/portable/MemMang/heap_4.o
                0x000000000800c7ec                pvPortMalloc
 .text.vPortFree
                0x000000000800c974       0xb4 ./Middlewares/Third_Party/FreeRTOS/Source/portable/MemMang/heap_4.o
                0x000000000800c974                vPortFree
 .text.prvHeapInit
                0x000000000800ca28       0xc4 ./Middlewares/Third_Party/FreeRTOS/Source/portable/MemMang/heap_4.o
 .text.prvInsertBlockIntoFreeList
                0x000000000800caec       0xb0 ./Middlewares/Third_Party/FreeRTOS/Source/portable/MemMang/heap_4.o
 .text.__errno  0x000000000800cb9c        0xc c:/st/stm32cubeide_1.8.0/stm32cubeide/plugins/com.st.stm32cube.ide.mcu.externaltools.gnu-tools-for-stm32.9-2020-q2-update.win32_2.0.0.202105311346/tools/bin/../lib/gcc/arm-none-eabi/9.3.1/../../../../arm-none-eabi/lib/thumb/v7-m/nofp\libc_nano.a(lib_a-errno.o)
                0x000000000800cb9c                __errno
 .text.std      0x000000000800cba8       0x48 c:/st/stm32cubeide_1.8.0/stm32cubeide/plugins/com.st.stm32cube.ide.mcu.externaltools.gnu-tools-for-stm32.9-2020-q2-update.win32_2.0.0.202105311346/tools/bin/../lib/gcc/arm-none-eabi/9.3.1/../../../../arm-none-eabi/lib/thumb/v7-m/nofp\libc_nano.a(lib_a-findfp.o)
 .text._cleanup_r
                0x000000000800cbf0        0xc c:/st/stm32cubeide_1.8.0/stm32cubeide/plugins/com.st.stm32cube.ide.mcu.externaltools.gnu-tools-for-stm32.9-2020-q2-update.win32_2.0.0.202105311346/tools/bin/../lib/gcc/arm-none-eabi/9.3.1/../../../../arm-none-eabi/lib/thumb/v7-m/nofp\libc_nano.a(lib_a-findfp.o)
                0x000000000800cbf0                _cleanup_r
 .text.__sfmoreglue
                0x000000000800cbfc       0x2c c:/st/stm32cubeide_1.8.0/stm32cubeide/plugins/com.st.stm32cube.ide.mcu.externaltools.gnu-tools-for-stm32.9-2020-q2-update.win32_2.0.0.202105311346/tools/bin/../lib/gcc/arm-none-eabi/9.3.1/../../../../arm-none-eabi/lib/thumb/v7-m/nofp\libc_nano.a(lib_a-findfp.o)
                0x000000000800cbfc                __sfmoreglue
 .text.__sfp_lock_acquire
                0x000000000800cc28        0xc c:/st/stm32cubeide_1.8.0/stm32cubeide/plugins/com.st.stm32cube.ide.mcu.externaltools.gnu-tools-for-stm32.9-2020-q2-update.win32_2.0.0.202105311346/tools/bin/../lib/gcc/arm-none-eabi/9.3.1/../../../../arm-none-eabi/lib/thumb/v7-m/nofp\libc_nano.a(lib_a-findfp.o)
                0x000000000800cc28                __sfp_lock_acquire
 .text.__sfp_lock_release
                0x000000000800cc34        0xc c:/st/stm32cubeide_1.8.0/stm32cubeide/plugins/com.st.stm32cube.ide.mcu.externaltools.gnu-tools-for-stm32.9-2020-q2-update.win32_2.0.0.202105311346/tools/bin/../lib/gcc/arm-none-eabi/9.3.1/../../../../arm-none-eabi/lib/thumb/v7-m/nofp\libc_nano.a(lib_a-findfp.o)
                0x000000000800cc34                __sfp_lock_release
 .text.__sinit_lock_acquire
                0x000000000800cc40        0xc c:/st/stm32cubeide_1.8.0/stm32cubeide/plugins/com.st.stm32cube.ide.mcu.externaltools.gnu-tools-for-stm32.9-2020-q2-update.win32_2.0.0.202105311346/tools/bin/../lib/gcc/arm-none-eabi/9.3.1/../../../../arm-none-eabi/lib/thumb/v7-m/nofp\libc_nano.a(lib_a-findfp.o)
                0x000000000800cc40                __sinit_lock_acquire
 .text.__sinit_lock_release
                0x000000000800cc4c        0xc c:/st/stm32cubeide_1.8.0/stm32cubeide/plugins/com.st.stm32cube.ide.mcu.externaltools.gnu-tools-for-stm32.9-2020-q2-update.win32_2.0.0.202105311346/tools/bin/../lib/gcc/arm-none-eabi/9.3.1/../../../../arm-none-eabi/lib/thumb/v7-m/nofp\libc_nano.a(lib_a-findfp.o)
                0x000000000800cc4c                __sinit_lock_release
 .text.__sinit  0x000000000800cc58       0x70 c:/st/stm32cubeide_1.8.0/stm32cubeide/plugins/com.st.stm32cube.ide.mcu.externaltools.gnu-tools-for-stm32.9-2020-q2-update.win32_2.0.0.202105311346/tools/bin/../lib/gcc/arm-none-eabi/9.3.1/../../../../arm-none-eabi/lib/thumb/v7-m/nofp\libc_nano.a(lib_a-findfp.o)
                0x000000000800cc58                __sinit
 .text.__sfp    0x000000000800ccc8       0x8c c:/st/stm32cubeide_1.8.0/stm32cubeide/plugins/com.st.stm32cube.ide.mcu.externaltools.gnu-tools-for-stm32.9-2020-q2-update.win32_2.0.0.202105311346/tools/bin/../lib/gcc/arm-none-eabi/9.3.1/../../../../arm-none-eabi/lib/thumb/v7-m/nofp\libc_nano.a(lib_a-findfp.o)
                0x000000000800ccc8                __sfp
 .text._fwalk_reent
                0x000000000800cd54       0x3e c:/st/stm32cubeide_1.8.0/stm32cubeide/plugins/com.st.stm32cube.ide.mcu.externaltools.gnu-tools-for-stm32.9-2020-q2-update.win32_2.0.0.202105311346/tools/bin/../lib/gcc/arm-none-eabi/9.3.1/../../../../arm-none-eabi/lib/thumb/v7-m/nofp\libc_nano.a(lib_a-fwalk.o)
                0x000000000800cd54                _fwalk_reent
 *fill*         0x000000000800cd92        0x2 
 .text.__libc_init_array
                0x000000000800cd94       0x48 c:/st/stm32cubeide_1.8.0/stm32cubeide/plugins/com.st.stm32cube.ide.mcu.externaltools.gnu-tools-for-stm32.9-2020-q2-update.win32_2.0.0.202105311346/tools/bin/../lib/gcc/arm-none-eabi/9.3.1/../../../../arm-none-eabi/lib/thumb/v7-m/nofp\libc_nano.a(lib_a-init.o)
                0x000000000800cd94                __libc_init_array
 .text.__retarget_lock_init_recursive
                0x000000000800cddc        0x2 c:/st/stm32cubeide_1.8.0/stm32cubeide/plugins/com.st.stm32cube.ide.mcu.externaltools.gnu-tools-for-stm32.9-2020-q2-update.win32_2.0.0.202105311346/tools/bin/../lib/gcc/arm-none-eabi/9.3.1/../../../../arm-none-eabi/lib/thumb/v7-m/nofp\libc_nano.a(lib_a-lock.o)
                0x000000000800cddc                __retarget_lock_init_recursive
 .text.__retarget_lock_acquire_recursive
                0x000000000800cdde        0x2 c:/st/stm32cubeide_1.8.0/stm32cubeide/plugins/com.st.stm32cube.ide.mcu.externaltools.gnu-tools-for-stm32.9-2020-q2-update.win32_2.0.0.202105311346/tools/bin/../lib/gcc/arm-none-eabi/9.3.1/../../../../arm-none-eabi/lib/thumb/v7-m/nofp\libc_nano.a(lib_a-lock.o)
                0x000000000800cdde                __retarget_lock_acquire_recursive
 .text.__retarget_lock_release_recursive
                0x000000000800cde0        0x2 c:/st/stm32cubeide_1.8.0/stm32cubeide/plugins/com.st.stm32cube.ide.mcu.externaltools.gnu-tools-for-stm32.9-2020-q2-update.win32_2.0.0.202105311346/tools/bin/../lib/gcc/arm-none-eabi/9.3.1/../../../../arm-none-eabi/lib/thumb/v7-m/nofp\libc_nano.a(lib_a-lock.o)
                0x000000000800cde0                __retarget_lock_release_recursive
 .text.memcpy   0x000000000800cde2       0x1c c:/st/stm32cubeide_1.8.0/stm32cubeide/plugins/com.st.stm32cube.ide.mcu.externaltools.gnu-tools-for-stm32.9-2020-q2-update.win32_2.0.0.202105311346/tools/bin/../lib/gcc/arm-none-eabi/9.3.1/../../../../arm-none-eabi/lib/thumb/v7-m/nofp\libc_nano.a(lib_a-memcpy-stub.o)
                0x000000000800cde2                memcpy
 .text.memset   0x000000000800cdfe       0x10 c:/st/stm32cubeide_1.8.0/stm32cubeide/plugins/com.st.stm32cube.ide.mcu.externaltools.gnu-tools-for-stm32.9-2020-q2-update.win32_2.0.0.202105311346/tools/bin/../lib/gcc/arm-none-eabi/9.3.1/../../../../arm-none-eabi/lib/thumb/v7-m/nofp\libc_nano.a(lib_a-memset.o)
                0x000000000800cdfe                memset
 *fill*         0x000000000800ce0e        0x2 
 .text._malloc_r
                0x000000000800ce10       0xb4 c:/st/stm32cubeide_1.8.0/stm32cubeide/plugins/com.st.stm32cube.ide.mcu.externaltools.gnu-tools-for-stm32.9-2020-q2-update.win32_2.0.0.202105311346/tools/bin/../lib/gcc/arm-none-eabi/9.3.1/../../../../arm-none-eabi/lib/thumb/v7-m/nofp\libc_nano.a(lib_a-nano-mallocr.o)
                0x000000000800ce10                _malloc_r
 .text.__cvt    0x000000000800cec4       0xbe c:/st/stm32cubeide_1.8.0/stm32cubeide/plugins/com.st.stm32cube.ide.mcu.externaltools.gnu-tools-for-stm32.9-2020-q2-update.win32_2.0.0.202105311346/tools/bin/../lib/gcc/arm-none-eabi/9.3.1/../../../../arm-none-eabi/lib/thumb/v7-m/nofp\libc_nano.a(lib_a-nano-vfprintf_float.o)
                0x000000000800cec4                __cvt
 .text.__exponent
                0x000000000800cf82       0x7c c:/st/stm32cubeide_1.8.0/stm32cubeide/plugins/com.st.stm32cube.ide.mcu.externaltools.gnu-tools-for-stm32.9-2020-q2-update.win32_2.0.0.202105311346/tools/bin/../lib/gcc/arm-none-eabi/9.3.1/../../../../arm-none-eabi/lib/thumb/v7-m/nofp\libc_nano.a(lib_a-nano-vfprintf_float.o)
                0x000000000800cf82                __exponent
 *fill*         0x000000000800cffe        0x2 
 .text._printf_float
                0x000000000800d000      0x458 c:/st/stm32cubeide_1.8.0/stm32cubeide/plugins/com.st.stm32cube.ide.mcu.externaltools.gnu-tools-for-stm32.9-2020-q2-update.win32_2.0.0.202105311346/tools/bin/../lib/gcc/arm-none-eabi/9.3.1/../../../../arm-none-eabi/lib/thumb/v7-m/nofp\libc_nano.a(lib_a-nano-vfprintf_float.o)
                0x000000000800d000                _printf_float
 .text._printf_common
                0x000000000800d458       0xde c:/st/stm32cubeide_1.8.0/stm32cubeide/plugins/com.st.stm32cube.ide.mcu.externaltools.gnu-tools-for-stm32.9-2020-q2-update.win32_2.0.0.202105311346/tools/bin/../lib/gcc/arm-none-eabi/9.3.1/../../../../arm-none-eabi/lib/thumb/v7-m/nofp\libc_nano.a(lib_a-nano-vfprintf_i.o)
                0x000000000800d458                _printf_common
 *fill*         0x000000000800d536        0x2 
 .text._printf_i
                0x000000000800d538      0x24c c:/st/stm32cubeide_1.8.0/stm32cubeide/plugins/com.st.stm32cube.ide.mcu.externaltools.gnu-tools-for-stm32.9-2020-q2-update.win32_2.0.0.202105311346/tools/bin/../lib/gcc/arm-none-eabi/9.3.1/../../../../arm-none-eabi/lib/thumb/v7-m/nofp\libc_nano.a(lib_a-nano-vfprintf_i.o)
                0x000000000800d538                _printf_i
 .text.cleanup_glue
                0x000000000800d784       0x1a c:/st/stm32cubeide_1.8.0/stm32cubeide/plugins/com.st.stm32cube.ide.mcu.externaltools.gnu-tools-for-stm32.9-2020-q2-update.win32_2.0.0.202105311346/tools/bin/../lib/gcc/arm-none-eabi/9.3.1/../../../../arm-none-eabi/lib/thumb/v7-m/nofp\libc_nano.a(lib_a-reent.o)
                0x000000000800d784                cleanup_glue
 *fill*         0x000000000800d79e        0x2 
 .text._reclaim_reent
                0x000000000800d7a0       0xb8 c:/st/stm32cubeide_1.8.0/stm32cubeide/plugins/com.st.stm32cube.ide.mcu.externaltools.gnu-tools-for-stm32.9-2020-q2-update.win32_2.0.0.202105311346/tools/bin/../lib/gcc/arm-none-eabi/9.3.1/../../../../arm-none-eabi/lib/thumb/v7-m/nofp\libc_nano.a(lib_a-reent.o)
                0x000000000800d7a0                _reclaim_reent
 .text._sbrk_r  0x000000000800d858       0x20 c:/st/stm32cubeide_1.8.0/stm32cubeide/plugins/com.st.stm32cube.ide.mcu.externaltools.gnu-tools-for-stm32.9-2020-q2-update.win32_2.0.0.202105311346/tools/bin/../lib/gcc/arm-none-eabi/9.3.1/../../../../arm-none-eabi/lib/thumb/v7-m/nofp\libc_nano.a(lib_a-sbrkr.o)
                0x000000000800d858                _sbrk_r
 .text.__sread  0x000000000800d878       0x22 c:/st/stm32cubeide_1.8.0/stm32cubeide/plugins/com.st.stm32cube.ide.mcu.externaltools.gnu-tools-for-stm32.9-2020-q2-update.win32_2.0.0.202105311346/tools/bin/../lib/gcc/arm-none-eabi/9.3.1/../../../../arm-none-eabi/lib/thumb/v7-m/nofp\libc_nano.a(lib_a-stdio.o)
                0x000000000800d878                __sread
 .text.__swrite
                0x000000000800d89a       0x38 c:/st/stm32cubeide_1.8.0/stm32cubeide/plugins/com.st.stm32cube.ide.mcu.externaltools.gnu-tools-for-stm32.9-2020-q2-update.win32_2.0.0.202105311346/tools/bin/../lib/gcc/arm-none-eabi/9.3.1/../../../../arm-none-eabi/lib/thumb/v7-m/nofp\libc_nano.a(lib_a-stdio.o)
                0x000000000800d89a                __swrite
 .text.__sseek  0x000000000800d8d2       0x24 c:/st/stm32cubeide_1.8.0/stm32cubeide/plugins/com.st.stm32cube.ide.mcu.externaltools.gnu-tools-for-stm32.9-2020-q2-update.win32_2.0.0.202105311346/tools/bin/../lib/gcc/arm-none-eabi/9.3.1/../../../../arm-none-eabi/lib/thumb/v7-m/nofp\libc_nano.a(lib_a-stdio.o)
                0x000000000800d8d2                __sseek
 .text.__sclose
                0x000000000800d8f6        0x8 c:/st/stm32cubeide_1.8.0/stm32cubeide/plugins/com.st.stm32cube.ide.mcu.externaltools.gnu-tools-for-stm32.9-2020-q2-update.win32_2.0.0.202105311346/tools/bin/../lib/gcc/arm-none-eabi/9.3.1/../../../../arm-none-eabi/lib/thumb/v7-m/nofp\libc_nano.a(lib_a-stdio.o)
                0x000000000800d8f6                __sclose
 *fill*         0x000000000800d8fe        0x2 
 .text._write_r
                0x000000000800d900       0x24 c:/st/stm32cubeide_1.8.0/stm32cubeide/plugins/com.st.stm32cube.ide.mcu.externaltools.gnu-tools-for-stm32.9-2020-q2-update.win32_2.0.0.202105311346/tools/bin/../lib/gcc/arm-none-eabi/9.3.1/../../../../arm-none-eabi/lib/thumb/v7-m/nofp\libc_nano.a(lib_a-writer.o)
                0x000000000800d900                _write_r
 .text._close_r
                0x000000000800d924       0x20 c:/st/stm32cubeide_1.8.0/stm32cubeide/plugins/com.st.stm32cube.ide.mcu.externaltools.gnu-tools-for-stm32.9-2020-q2-update.win32_2.0.0.202105311346/tools/bin/../lib/gcc/arm-none-eabi/9.3.1/../../../../arm-none-eabi/lib/thumb/v7-m/nofp\libc_nano.a(lib_a-closer.o)
                0x000000000800d924                _close_r
 .text.quorem   0x000000000800d944      0x11a c:/st/stm32cubeide_1.8.0/stm32cubeide/plugins/com.st.stm32cube.ide.mcu.externaltools.gnu-tools-for-stm32.9-2020-q2-update.win32_2.0.0.202105311346/tools/bin/../lib/gcc/arm-none-eabi/9.3.1/../../../../arm-none-eabi/lib/thumb/v7-m/nofp\libc_nano.a(lib_a-dtoa.o)
 *fill*         0x000000000800da5e        0x2 
 .text._dtoa_r  0x000000000800da60      0xbdc c:/st/stm32cubeide_1.8.0/stm32cubeide/plugins/com.st.stm32cube.ide.mcu.externaltools.gnu-tools-for-stm32.9-2020-q2-update.win32_2.0.0.202105311346/tools/bin/../lib/gcc/arm-none-eabi/9.3.1/../../../../arm-none-eabi/lib/thumb/v7-m/nofp\libc_nano.a(lib_a-dtoa.o)
                0x000000000800da60                _dtoa_r
 .text.__sflush_r
                0x000000000800e63c      0x10c c:/st/stm32cubeide_1.8.0/stm32cubeide/plugins/com.st.stm32cube.ide.mcu.externaltools.gnu-tools-for-stm32.9-2020-q2-update.win32_2.0.0.202105311346/tools/bin/../lib/gcc/arm-none-eabi/9.3.1/../../../../arm-none-eabi/lib/thumb/v7-m/nofp\libc_nano.a(lib_a-fflush.o)
                0x000000000800e63c                __sflush_r
 .text._fflush_r
                0x000000000800e748       0x78 c:/st/stm32cubeide_1.8.0/stm32cubeide/plugins/com.st.stm32cube.ide.mcu.externaltools.gnu-tools-for-stm32.9-2020-q2-update.win32_2.0.0.202105311346/tools/bin/../lib/gcc/arm-none-eabi/9.3.1/../../../../arm-none-eabi/lib/thumb/v7-m/nofp\libc_nano.a(lib_a-fflush.o)
                0x000000000800e748                _fflush_r
 .text._localeconv_r
                0x000000000800e7c0        0x8 c:/st/stm32cubeide_1.8.0/stm32cubeide/plugins/com.st.stm32cube.ide.mcu.externaltools.gnu-tools-for-stm32.9-2020-q2-update.win32_2.0.0.202105311346/tools/bin/../lib/gcc/arm-none-eabi/9.3.1/../../../../arm-none-eabi/lib/thumb/v7-m/nofp\libc_nano.a(lib_a-localeconv.o)
                0x000000000800e7c0                _localeconv_r
 .text._lseek_r
                0x000000000800e7c8       0x24 c:/st/stm32cubeide_1.8.0/stm32cubeide/plugins/com.st.stm32cube.ide.mcu.externaltools.gnu-tools-for-stm32.9-2020-q2-update.win32_2.0.0.202105311346/tools/bin/../lib/gcc/arm-none-eabi/9.3.1/../../../../arm-none-eabi/lib/thumb/v7-m/nofp\libc_nano.a(lib_a-lseekr.o)
                0x000000000800e7c8                _lseek_r
 .text.malloc   0x000000000800e7ec       0x10 c:/st/stm32cubeide_1.8.0/stm32cubeide/plugins/com.st.stm32cube.ide.mcu.externaltools.gnu-tools-for-stm32.9-2020-q2-update.win32_2.0.0.202105311346/tools/bin/../lib/gcc/arm-none-eabi/9.3.1/../../../../arm-none-eabi/lib/thumb/v7-m/nofp\libc_nano.a(lib_a-malloc.o)
                0x000000000800e7ec                malloc
 .text.memchr   0x000000000800e7fc       0x1c c:/st/stm32cubeide_1.8.0/stm32cubeide/plugins/com.st.stm32cube.ide.mcu.externaltools.gnu-tools-for-stm32.9-2020-q2-update.win32_2.0.0.202105311346/tools/bin/../lib/gcc/arm-none-eabi/9.3.1/../../../../arm-none-eabi/lib/thumb/v7-m/nofp\libc_nano.a(lib_a-memchr-stub.o)
                0x000000000800e7fc                memchr
 .text.__malloc_lock
                0x000000000800e818        0xc c:/st/stm32cubeide_1.8.0/stm32cubeide/plugins/com.st.stm32cube.ide.mcu.externaltools.gnu-tools-for-stm32.9-2020-q2-update.win32_2.0.0.202105311346/tools/bin/../lib/gcc/arm-none-eabi/9.3.1/../../../../arm-none-eabi/lib/thumb/v7-m/nofp\libc_nano.a(lib_a-mlock.o)
                0x000000000800e818                __malloc_lock
 .text.__malloc_unlock
                0x000000000800e824        0xc c:/st/stm32cubeide_1.8.0/stm32cubeide/plugins/com.st.stm32cube.ide.mcu.externaltools.gnu-tools-for-stm32.9-2020-q2-update.win32_2.0.0.202105311346/tools/bin/../lib/gcc/arm-none-eabi/9.3.1/../../../../arm-none-eabi/lib/thumb/v7-m/nofp\libc_nano.a(lib_a-mlock.o)
                0x000000000800e824                __malloc_unlock
 .text._Balloc  0x000000000800e830       0x80 c:/st/stm32cubeide_1.8.0/stm32cubeide/plugins/com.st.stm32cube.ide.mcu.externaltools.gnu-tools-for-stm32.9-2020-q2-update.win32_2.0.0.202105311346/tools/bin/../lib/gcc/arm-none-eabi/9.3.1/../../../../arm-none-eabi/lib/thumb/v7-m/nofp\libc_nano.a(lib_a-mprec.o)
                0x000000000800e830                _Balloc
 .text._Bfree   0x000000000800e8b0       0x44 c:/st/stm32cubeide_1.8.0/stm32cubeide/plugins/com.st.stm32cube.ide.mcu.externaltools.gnu-tools-for-stm32.9-2020-q2-update.win32_2.0.0.202105311346/tools/bin/../lib/gcc/arm-none-eabi/9.3.1/../../../../arm-none-eabi/lib/thumb/v7-m/nofp\libc_nano.a(lib_a-mprec.o)
                0x000000000800e8b0                _Bfree
 .text.__multadd
                0x000000000800e8f4       0x94 c:/st/stm32cubeide_1.8.0/stm32cubeide/plugins/com.st.stm32cube.ide.mcu.externaltools.gnu-tools-for-stm32.9-2020-q2-update.win32_2.0.0.202105311346/tools/bin/../lib/gcc/arm-none-eabi/9.3.1/../../../../arm-none-eabi/lib/thumb/v7-m/nofp\libc_nano.a(lib_a-mprec.o)
                0x000000000800e8f4                __multadd
 .text.__hi0bits
                0x000000000800e988       0x40 c:/st/stm32cubeide_1.8.0/stm32cubeide/plugins/com.st.stm32cube.ide.mcu.externaltools.gnu-tools-for-stm32.9-2020-q2-update.win32_2.0.0.202105311346/tools/bin/../lib/gcc/arm-none-eabi/9.3.1/../../../../arm-none-eabi/lib/thumb/v7-m/nofp\libc_nano.a(lib_a-mprec.o)
                0x000000000800e988                __hi0bits
 .text.__lo0bits
                0x000000000800e9c8       0x5c c:/st/stm32cubeide_1.8.0/stm32cubeide/plugins/com.st.stm32cube.ide.mcu.externaltools.gnu-tools-for-stm32.9-2020-q2-update.win32_2.0.0.202105311346/tools/bin/../lib/gcc/arm-none-eabi/9.3.1/../../../../arm-none-eabi/lib/thumb/v7-m/nofp\libc_nano.a(lib_a-mprec.o)
                0x000000000800e9c8                __lo0bits
 .text.__i2b    0x000000000800ea24       0x2c c:/st/stm32cubeide_1.8.0/stm32cubeide/plugins/com.st.stm32cube.ide.mcu.externaltools.gnu-tools-for-stm32.9-2020-q2-update.win32_2.0.0.202105311346/tools/bin/../lib/gcc/arm-none-eabi/9.3.1/../../../../arm-none-eabi/lib/thumb/v7-m/nofp\libc_nano.a(lib_a-mprec.o)
                0x000000000800ea24                __i2b
 .text.__multiply
                0x000000000800ea50      0x148 c:/st/stm32cubeide_1.8.0/stm32cubeide/plugins/com.st.stm32cube.ide.mcu.externaltools.gnu-tools-for-stm32.9-2020-q2-update.win32_2.0.0.202105311346/tools/bin/../lib/gcc/arm-none-eabi/9.3.1/../../../../arm-none-eabi/lib/thumb/v7-m/nofp\libc_nano.a(lib_a-mprec.o)
                0x000000000800ea50                __multiply
 .text.__pow5mult
                0x000000000800eb98       0xb4 c:/st/stm32cubeide_1.8.0/stm32cubeide/plugins/com.st.stm32cube.ide.mcu.externaltools.gnu-tools-for-stm32.9-2020-q2-update.win32_2.0.0.202105311346/tools/bin/../lib/gcc/arm-none-eabi/9.3.1/../../../../arm-none-eabi/lib/thumb/v7-m/nofp\libc_nano.a(lib_a-mprec.o)
                0x000000000800eb98                __pow5mult
 .text.__lshift
                0x000000000800ec4c       0xd8 c:/st/stm32cubeide_1.8.0/stm32cubeide/plugins/com.st.stm32cube.ide.mcu.externaltools.gnu-tools-for-stm32.9-2020-q2-update.win32_2.0.0.202105311346/tools/bin/../lib/gcc/arm-none-eabi/9.3.1/../../../../arm-none-eabi/lib/thumb/v7-m/nofp\libc_nano.a(lib_a-mprec.o)
                0x000000000800ec4c                __lshift
 .text.__mcmp   0x000000000800ed24       0x36 c:/st/stm32cubeide_1.8.0/stm32cubeide/plugins/com.st.stm32cube.ide.mcu.externaltools.gnu-tools-for-stm32.9-2020-q2-update.win32_2.0.0.202105311346/tools/bin/../lib/gcc/arm-none-eabi/9.3.1/../../../../arm-none-eabi/lib/thumb/v7-m/nofp\libc_nano.a(lib_a-mprec.o)
                0x000000000800ed24                __mcmp
 *fill*         0x000000000800ed5a        0x2 
 .text.__mdiff  0x000000000800ed5c      0x120 c:/st/stm32cubeide_1.8.0/stm32cubeide/plugins/com.st.stm32cube.ide.mcu.externaltools.gnu-tools-for-stm32.9-2020-q2-update.win32_2.0.0.202105311346/tools/bin/../lib/gcc/arm-none-eabi/9.3.1/../../../../arm-none-eabi/lib/thumb/v7-m/nofp\libc_nano.a(lib_a-mprec.o)
                0x000000000800ed5c                __mdiff
 .text.__d2b    0x000000000800ee7c       0xb8 c:/st/stm32cubeide_1.8.0/stm32cubeide/plugins/com.st.stm32cube.ide.mcu.externaltools.gnu-tools-for-stm32.9-2020-q2-update.win32_2.0.0.202105311346/tools/bin/../lib/gcc/arm-none-eabi/9.3.1/../../../../arm-none-eabi/lib/thumb/v7-m/nofp\libc_nano.a(lib_a-mprec.o)
                0x000000000800ee7c                __d2b
 .text._calloc_r
                0x000000000800ef34       0x1c c:/st/stm32cubeide_1.8.0/stm32cubeide/plugins/com.st.stm32cube.ide.mcu.externaltools.gnu-tools-for-stm32.9-2020-q2-update.win32_2.0.0.202105311346/tools/bin/../lib/gcc/arm-none-eabi/9.3.1/../../../../arm-none-eabi/lib/thumb/v7-m/nofp\libc_nano.a(lib_a-nano-callocr.o)
                0x000000000800ef34                _calloc_r
 .text._free_r  0x000000000800ef50       0x98 c:/st/stm32cubeide_1.8.0/stm32cubeide/plugins/com.st.stm32cube.ide.mcu.externaltools.gnu-tools-for-stm32.9-2020-q2-update.win32_2.0.0.202105311346/tools/bin/../lib/gcc/arm-none-eabi/9.3.1/../../../../arm-none-eabi/lib/thumb/v7-m/nofp\libc_nano.a(lib_a-nano-freer.o)
                0x000000000800ef50                _free_r
 .text._read_r  0x000000000800efe8       0x24 c:/st/stm32cubeide_1.8.0/stm32cubeide/plugins/com.st.stm32cube.ide.mcu.externaltools.gnu-tools-for-stm32.9-2020-q2-update.win32_2.0.0.202105311346/tools/bin/../lib/gcc/arm-none-eabi/9.3.1/../../../../arm-none-eabi/lib/thumb/v7-m/nofp\libc_nano.a(lib_a-readr.o)
                0x000000000800efe8                _read_r
 .text.__assert_func
                0x000000000800f00c       0x3c c:/st/stm32cubeide_1.8.0/stm32cubeide/plugins/com.st.stm32cube.ide.mcu.externaltools.gnu-tools-for-stm32.9-2020-q2-update.win32_2.0.0.202105311346/tools/bin/../lib/gcc/arm-none-eabi/9.3.1/../../../../arm-none-eabi/lib/thumb/v7-m/nofp\libc_nano.a(lib_a-assert.o)
                0x000000000800f00c                __assert_func
 .text.fprintf  0x000000000800f048       0x24 c:/st/stm32cubeide_1.8.0/stm32cubeide/plugins/com.st.stm32cube.ide.mcu.externaltools.gnu-tools-for-stm32.9-2020-q2-update.win32_2.0.0.202105311346/tools/bin/../lib/gcc/arm-none-eabi/9.3.1/../../../../arm-none-eabi/lib/thumb/v7-m/nofp\libc_nano.a(lib_a-fprintf.o)
                0x000000000800f048                fiprintf
                0x000000000800f048                fprintf
 .text.__ascii_mbtowc
                0x000000000800f06c       0x24 c:/st/stm32cubeide_1.8.0/stm32cubeide/plugins/com.st.stm32cube.ide.mcu.externaltools.gnu-tools-for-stm32.9-2020-q2-update.win32_2.0.0.202105311346/tools/bin/../lib/gcc/arm-none-eabi/9.3.1/../../../../arm-none-eabi/lib/thumb/v7-m/nofp\libc_nano.a(lib_a-mbtowc_r.o)
                0x000000000800f06c                __ascii_mbtowc
 .text.__sfputc_r
                0x000000000800f090       0x2a c:/st/stm32cubeide_1.8.0/stm32cubeide/plugins/com.st.stm32cube.ide.mcu.externaltools.gnu-tools-for-stm32.9-2020-q2-update.win32_2.0.0.202105311346/tools/bin/../lib/gcc/arm-none-eabi/9.3.1/../../../../arm-none-eabi/lib/thumb/v7-m/nofp\libc_nano.a(lib_a-nano-vfprintf.o)
 .text.__sfputs_r
                0x000000000800f0ba       0x24 c:/st/stm32cubeide_1.8.0/stm32cubeide/plugins/com.st.stm32cube.ide.mcu.externaltools.gnu-tools-for-stm32.9-2020-q2-update.win32_2.0.0.202105311346/tools/bin/../lib/gcc/arm-none-eabi/9.3.1/../../../../arm-none-eabi/lib/thumb/v7-m/nofp\libc_nano.a(lib_a-nano-vfprintf.o)
                0x000000000800f0ba                __sfputs_r
 *fill*         0x000000000800f0de        0x2 
 .text._vfprintf_r
                0x000000000800f0e0      0x260 c:/st/stm32cubeide_1.8.0/stm32cubeide/plugins/com.st.stm32cube.ide.mcu.externaltools.gnu-tools-for-stm32.9-2020-q2-update.win32_2.0.0.202105311346/tools/bin/../lib/gcc/arm-none-eabi/9.3.1/../../../../arm-none-eabi/lib/thumb/v7-m/nofp\libc_nano.a(lib_a-nano-vfprintf.o)
                0x000000000800f0e0                _vfprintf_r
                0x000000000800f0e0                _vfiprintf_r
 .text.__swbuf_r
                0x000000000800f340       0xa4 c:/st/stm32cubeide_1.8.0/stm32cubeide/plugins/com.st.stm32cube.ide.mcu.externaltools.gnu-tools-for-stm32.9-2020-q2-update.win32_2.0.0.202105311346/tools/bin/../lib/gcc/arm-none-eabi/9.3.1/../../../../arm-none-eabi/lib/thumb/v7-m/nofp\libc_nano.a(lib_a-wbuf.o)
                0x000000000800f340                __swbuf_r
 .text.__ascii_wctomb
                0x000000000800f3e4       0x1a c:/st/stm32cubeide_1.8.0/stm32cubeide/plugins/com.st.stm32cube.ide.mcu.externaltools.gnu-tools-for-stm32.9-2020-q2-update.win32_2.0.0.202105311346/tools/bin/../lib/gcc/arm-none-eabi/9.3.1/../../../../arm-none-eabi/lib/thumb/v7-m/nofp\libc_nano.a(lib_a-wctomb_r.o)
                0x000000000800f3e4                __ascii_wctomb
 *fill*         0x000000000800f3fe        0x2 
 .text.__swsetup_r
                0x000000000800f400       0xdc c:/st/stm32cubeide_1.8.0/stm32cubeide/plugins/com.st.stm32cube.ide.mcu.externaltools.gnu-tools-for-stm32.9-2020-q2-update.win32_2.0.0.202105311346/tools/bin/../lib/gcc/arm-none-eabi/9.3.1/../../../../arm-none-eabi/lib/thumb/v7-m/nofp\libc_nano.a(lib_a-wsetup.o)
                0x000000000800f400                __swsetup_r
 .text.abort    0x000000000800f4dc        0xe c:/st/stm32cubeide_1.8.0/stm32cubeide/plugins/com.st.stm32cube.ide.mcu.externaltools.gnu-tools-for-stm32.9-2020-q2-update.win32_2.0.0.202105311346/tools/bin/../lib/gcc/arm-none-eabi/9.3.1/../../../../arm-none-eabi/lib/thumb/v7-m/nofp\libc_nano.a(lib_a-abort.o)
                0x000000000800f4dc                abort
 .text.__swhatbuf_r
                0x000000000800f4ea       0x48 c:/st/stm32cubeide_1.8.0/stm32cubeide/plugins/com.st.stm32cube.ide.mcu.externaltools.gnu-tools-for-stm32.9-2020-q2-update.win32_2.0.0.202105311346/tools/bin/../lib/gcc/arm-none-eabi/9.3.1/../../../../arm-none-eabi/lib/thumb/v7-m/nofp\libc_nano.a(lib_a-makebuf.o)
                0x000000000800f4ea                __swhatbuf_r
 *fill*         0x000000000800f532        0x2 
 .text.__smakebuf_r
                0x000000000800f534       0x80 c:/st/stm32cubeide_1.8.0/stm32cubeide/plugins/com.st.stm32cube.ide.mcu.externaltools.gnu-tools-for-stm32.9-2020-q2-update.win32_2.0.0.202105311346/tools/bin/../lib/gcc/arm-none-eabi/9.3.1/../../../../arm-none-eabi/lib/thumb/v7-m/nofp\libc_nano.a(lib_a-makebuf.o)
                0x000000000800f534                __smakebuf_r
 .text._raise_r
                0x000000000800f5b4       0x50 c:/st/stm32cubeide_1.8.0/stm32cubeide/plugins/com.st.stm32cube.ide.mcu.externaltools.gnu-tools-for-stm32.9-2020-q2-update.win32_2.0.0.202105311346/tools/bin/../lib/gcc/arm-none-eabi/9.3.1/../../../../arm-none-eabi/lib/thumb/v7-m/nofp\libc_nano.a(lib_a-signal.o)
                0x000000000800f5b4                _raise_r
 .text.raise    0x000000000800f604       0x10 c:/st/stm32cubeide_1.8.0/stm32cubeide/plugins/com.st.stm32cube.ide.mcu.externaltools.gnu-tools-for-stm32.9-2020-q2-update.win32_2.0.0.202105311346/tools/bin/../lib/gcc/arm-none-eabi/9.3.1/../../../../arm-none-eabi/lib/thumb/v7-m/nofp\libc_nano.a(lib_a-signal.o)
                0x000000000800f604                raise
 .text._kill_r  0x000000000800f614       0x24 c:/st/stm32cubeide_1.8.0/stm32cubeide/plugins/com.st.stm32cube.ide.mcu.externaltools.gnu-tools-for-stm32.9-2020-q2-update.win32_2.0.0.202105311346/tools/bin/../lib/gcc/arm-none-eabi/9.3.1/../../../../arm-none-eabi/lib/thumb/v7-m/nofp\libc_nano.a(lib_a-signalr.o)
                0x000000000800f614                _kill_r
 .text._getpid_r
                0x000000000800f638        0x4 c:/st/stm32cubeide_1.8.0/stm32cubeide/plugins/com.st.stm32cube.ide.mcu.externaltools.gnu-tools-for-stm32.9-2020-q2-update.win32_2.0.0.202105311346/tools/bin/../lib/gcc/arm-none-eabi/9.3.1/../../../../arm-none-eabi/lib/thumb/v7-m/nofp\libc_nano.a(lib_a-signalr.o)
                0x000000000800f638                _getpid_r
 .text._fstat_r
                0x000000000800f63c       0x24 c:/st/stm32cubeide_1.8.0/stm32cubeide/plugins/com.st.stm32cube.ide.mcu.externaltools.gnu-tools-for-stm32.9-2020-q2-update.win32_2.0.0.202105311346/tools/bin/../lib/gcc/arm-none-eabi/9.3.1/../../../../arm-none-eabi/lib/thumb/v7-m/nofp\libc_nano.a(lib_a-fstatr.o)
                0x000000000800f63c                _fstat_r
 .text._isatty_r
                0x000000000800f660       0x20 c:/st/stm32cubeide_1.8.0/stm32cubeide/plugins/com.st.stm32cube.ide.mcu.externaltools.gnu-tools-for-stm32.9-2020-q2-update.win32_2.0.0.202105311346/tools/bin/../lib/gcc/arm-none-eabi/9.3.1/../../../../arm-none-eabi/lib/thumb/v7-m/nofp\libc_nano.a(lib_a-isattyr.o)
                0x000000000800f660                _isatty_r
 *(.glue_7)
 .glue_7        0x000000000800f680        0x0 linker stubs
 *(.glue_7t)
 .glue_7t       0x000000000800f680        0x0 linker stubs
 *(.eh_frame)
 .eh_frame      0x000000000800f680        0x0 c:/st/stm32cubeide_1.8.0/stm32cubeide/plugins/com.st.stm32cube.ide.mcu.externaltools.gnu-tools-for-stm32.9-2020-q2-update.win32_2.0.0.202105311346/tools/bin/../lib/gcc/arm-none-eabi/9.3.1/thumb/v7-m/nofp/crtbegin.o
 *(.init)
 .init          0x000000000800f680        0x4 c:/st/stm32cubeide_1.8.0/stm32cubeide/plugins/com.st.stm32cube.ide.mcu.externaltools.gnu-tools-for-stm32.9-2020-q2-update.win32_2.0.0.202105311346/tools/bin/../lib/gcc/arm-none-eabi/9.3.1/thumb/v7-m/nofp/crti.o
                0x000000000800f680                _init
 .init          0x000000000800f684        0x8 c:/st/stm32cubeide_1.8.0/stm32cubeide/plugins/com.st.stm32cube.ide.mcu.externaltools.gnu-tools-for-stm32.9-2020-q2-update.win32_2.0.0.202105311346/tools/bin/../lib/gcc/arm-none-eabi/9.3.1/thumb/v7-m/nofp/crtn.o
 *(.fini)
 .fini          0x000000000800f68c        0x4 c:/st/stm32cubeide_1.8.0/stm32cubeide/plugins/com.st.stm32cube.ide.mcu.externaltools.gnu-tools-for-stm32.9-2020-q2-update.win32_2.0.0.202105311346/tools/bin/../lib/gcc/arm-none-eabi/9.3.1/thumb/v7-m/nofp/crti.o
                0x000000000800f68c                _fini
 .fini          0x000000000800f690        0x8 c:/st/stm32cubeide_1.8.0/stm32cubeide/plugins/com.st.stm32cube.ide.mcu.externaltools.gnu-tools-for-stm32.9-2020-q2-update.win32_2.0.0.202105311346/tools/bin/../lib/gcc/arm-none-eabi/9.3.1/thumb/v7-m/nofp/crtn.o
                0x000000000800f698                . = ALIGN (0x4)
                0x000000000800f698                _etext = .

.vfp11_veneer   0x000000000800f698        0x0
 .vfp11_veneer  0x000000000800f698        0x0 linker stubs

.v4_bx          0x000000000800f698        0x0
 .v4_bx         0x000000000800f698        0x0 linker stubs

.iplt           0x000000000800f698        0x0
 .iplt          0x000000000800f698        0x0 c:/st/stm32cubeide_1.8.0/stm32cubeide/plugins/com.st.stm32cube.ide.mcu.externaltools.gnu-tools-for-stm32.9-2020-q2-update.win32_2.0.0.202105311346/tools/bin/../lib/gcc/arm-none-eabi/9.3.1/thumb/v7-m/nofp/crtbegin.o

.rodata         0x000000000800f698      0x62c
                0x000000000800f698                . = ALIGN (0x4)
 *(.rodata)
 .rodata        0x000000000800f698       0x5d ./Core/Src/Modbus.o
 *fill*         0x000000000800f6f5        0x3 
 .rodata        0x000000000800f6f8       0x4a ./Core/Src/main.o
 *fill*         0x000000000800f742        0x2 
 .rodata        0x000000000800f744       0x10 ./Drivers/STM32F1xx_HAL_Driver/Src/stm32f1xx_hal_rcc.o
 .rodata        0x000000000800f754        0x5 ./Middlewares/Third_Party/FreeRTOS/Source/tasks.o
 *fill*         0x000000000800f759        0x3 
 .rodata        0x000000000800f75c        0xd ./Middlewares/Third_Party/FreeRTOS/Source/timers.o
 *(.rodata*)
 *fill*         0x000000000800f769        0x3 
 .rodata.QueueTelegram_attributes
                0x000000000800f76c       0x18 ./Core/Src/Modbus.o
                0x000000000800f76c                QueueTelegram_attributes
 .rodata.myTaskModbusA_attributes
                0x000000000800f784       0x24 ./Core/Src/Modbus.o
                0x000000000800f784                myTaskModbusA_attributes
 .rodata.myTaskModbusB_attributes
                0x000000000800f7a8       0x24 ./Core/Src/Modbus.o
                0x000000000800f7a8                myTaskModbusB_attributes
 .rodata.ModBusSphr_attributes
                0x000000000800f7cc       0x10 ./Core/Src/Modbus.o
                0x000000000800f7cc                ModBusSphr_attributes
 .rodata.fctsupported
                0x000000000800f7dc        0x8 ./Core/Src/Modbus.o
                0x000000000800f7dc                fctsupported
 .rodata.Speed1_attributes
                0x000000000800f7e4       0x24 ./Core/Src/main.o
                0x000000000800f7e4                Speed1_attributes
 .rodata.Modbus_attributes
                0x000000000800f808       0x24 ./Core/Src/main.o
                0x000000000800f808                Modbus_attributes
 .rodata.CheckVelocidad_attributes
                0x000000000800f82c       0x24 ./Core/Src/main.o
                0x000000000800f82c                CheckVelocidad_attributes
 .rodata.TaskControl_attributes
                0x000000000800f850       0x24 ./Core/Src/main.o
                0x000000000800f850                TaskControl_attributes
 .rodata.Corriente_attributes
                0x000000000800f874       0x24 ./Core/Src/main.o