Linealizacion.c:35:6:Linealizacion_step	16	static
Linealizacion.c:109:6:Linealizacion_initialize	4	static
control.c:29:6:control_step	24	static
control.c:65:6:control_initialize	4	static
main.c:138:6:HAL_GPIO_EXTI_Callback	16	static
main.c:154:5:main	8	static
main.c:275:6:SystemClock_Config	72	static
main.c:314:13:MX_I2C1_Init	8	static
main.c:348:13:MX_TIM1_Init	96	static
main.c:435:13:MX_TIM2_Init	32	static
main.c:480:13:MX_USART3_UART_Init	8	static
main.c:513:13:MX_GPIO_Init	40	static
main.c:588:6:StartSpeed	80	static
main.c:681:6:StartModbus	112	static
main.c:763:6:StartCheckVelocidad	32	static
main.c:824:6:StartTaskControl	32	static
main.c:896:6:HAL_TIM_PeriodElapsedCallback	16	static
main.c:915:6:Error_Handler	4	static,ignoring_inline_asm
