Linealizacion.c:35:6:Linealizacion_step	16	static
Linealizacion.c:109:6:Linealizacion_initialize	4	static
control.c:33:6:control_step	32	static
control.c:100:6:control_initialize	4	static
main.c:170:6:HAL_GPIO_EXTI_Callback	16	static
main.c:207:5:main	8	static
main.c:344:6:SystemClock_Config	72	static
main.c:383:13:MX_TIM1_Init	96	static
main.c:470:13:MX_TIM2_Init	32	static
main.c:515:13:MX_USART3_UART_Init	8	static
main.c:548:13:MX_GPIO_Init	40	static
main.c:620:6:StartSpeed1	56	static
main.c:708:6:StartModbus	80	static
main.c:772:6:StartCheckVelocidad	24	static
main.c:807:6:StartTaskControl	48	static
main.c:884:6:StartSpeed2	56	static
main.c:976:6:HAL_TIM_PeriodElapsedCallback	16	static
main.c:995:6:Error_Handler	4	static,ignoring_inline_asm
