stm32f1xx_it.c:72:6:NMI_Handler	4	static
stm32f1xx_it.c:87:6:HardFault_Handler	4	static
stm32f1xx_it.c:102:6:MemManage_Handler	4	static
stm32f1xx_it.c:117:6:BusFault_Handler	4	static
stm32f1xx_it.c:132:6:UsageFault_Handler	4	static
stm32f1xx_it.c:147:6:DebugMon_Handler	4	static
stm32f1xx_it.c:167:6:EXTI1_IRQHandler	8	static
stm32f1xx_it.c:181:6:EXTI2_IRQHandler	8	static
stm32f1xx_it.c:195:6:EXTI3_IRQHandler	8	static
stm32f1xx_it.c:209:6:TIM2_IRQHandler	8	static
stm32f1xx_it.c:223:6:TIM4_IRQHandler	8	static
stm32f1xx_it.c:237:6:USART3_IRQHandler	8	static
